<?xml version="1.0"?>
<link_info>
   <banner>TMS320C2000 Linker PC v6.2.0</banner>
   <copyright>Copyright (c) 1996-2013 Texas Instruments Incorporated</copyright>
   <link_time>0x57df8da3</link_time>
   <link_errors>0x0</link_errors>
   <output_file>motor_final.out</output_file>
   <entry_point>
      <name>_c_int00</name>
      <address>0x9e72</address>
   </entry_point>
   <input_file_list>
      <input_file id="fl-2">
         <path>.\</path>
         <kind>object</kind>
         <file>PID_calculate.obj</file>
         <name>PID_calculate.obj</name>
      </input_file>
      <input_file id="fl-3">
         <path>.\</path>
         <kind>object</kind>
         <file>Motor.obj</file>
         <name>Motor.obj</name>
      </input_file>
      <input_file id="fl-4">
         <path>.\</path>
         <kind>object</kind>
         <file>InitTrajectory.obj</file>
         <name>InitTrajectory.obj</name>
      </input_file>
      <input_file id="fl-5">
         <path>.\</path>
         <kind>object</kind>
         <file>InitMotor.obj</file>
         <name>InitMotor.obj</name>
      </input_file>
      <input_file id="fl-6">
         <path>.\</path>
         <kind>object</kind>
         <file>DSP2833x_usDelay.obj</file>
         <name>DSP2833x_usDelay.obj</name>
      </input_file>
      <input_file id="fl-7">
         <path>.\</path>
         <kind>object</kind>
         <file>DSP2833x_Xintf.obj</file>
         <name>DSP2833x_Xintf.obj</name>
      </input_file>
      <input_file id="fl-8">
         <path>.\</path>
         <kind>object</kind>
         <file>DSP2833x_SysCtrl.obj</file>
         <name>DSP2833x_SysCtrl.obj</name>
      </input_file>
      <input_file id="fl-9">
         <path>.\</path>
         <kind>object</kind>
         <file>DSP2833x_Spi.obj</file>
         <name>DSP2833x_Spi.obj</name>
      </input_file>
      <input_file id="fl-a">
         <path>.\</path>
         <kind>object</kind>
         <file>DSP2833x_Sci.obj</file>
         <name>DSP2833x_Sci.obj</name>
      </input_file>
      <input_file id="fl-b">
         <path>.\</path>
         <kind>object</kind>
         <file>DSP2833x_PieVect.obj</file>
         <name>DSP2833x_PieVect.obj</name>
      </input_file>
      <input_file id="fl-c">
         <path>.\</path>
         <kind>object</kind>
         <file>DSP2833x_PieCtrl.obj</file>
         <name>DSP2833x_PieCtrl.obj</name>
      </input_file>
      <input_file id="fl-d">
         <path>.\</path>
         <kind>object</kind>
         <file>DSP2833x_GlobalVariableDefs.obj</file>
         <name>DSP2833x_GlobalVariableDefs.obj</name>
      </input_file>
      <input_file id="fl-e">
         <path>.\</path>
         <kind>object</kind>
         <file>DSP2833x_ECan.obj</file>
         <name>DSP2833x_ECan.obj</name>
      </input_file>
      <input_file id="fl-f">
         <path>.\</path>
         <kind>object</kind>
         <file>DSP2833x_DefaultIsr.obj</file>
         <name>DSP2833x_DefaultIsr.obj</name>
      </input_file>
      <input_file id="fl-10">
         <path>.\</path>
         <kind>object</kind>
         <file>DSP2833x_CpuTimers.obj</file>
         <name>DSP2833x_CpuTimers.obj</name>
      </input_file>
      <input_file id="fl-11">
         <path>.\</path>
         <kind>object</kind>
         <file>DSP2833x_CodeStartBranch.obj</file>
         <name>DSP2833x_CodeStartBranch.obj</name>
      </input_file>
      <input_file id="fl-12">
         <path>.\</path>
         <kind>object</kind>
         <file>DSP2833x_Adc.obj</file>
         <name>DSP2833x_Adc.obj</name>
      </input_file>
      <input_file id="fl-13">
         <path>.\</path>
         <kind>object</kind>
         <file>DSP2833x_ADC_cal.obj</file>
         <name>DSP2833x_ADC_cal.obj</name>
      </input_file>
      <input_file id="fl-14">
         <path>.\</path>
         <kind>object</kind>
         <file>DSP2833_EQep.obj</file>
         <name>DSP2833_EQep.obj</name>
      </input_file>
      <input_file id="fl-15">
         <path>.\</path>
         <kind>object</kind>
         <file>DSP2833_EPwm.obj</file>
         <name>DSP2833_EPwm.obj</name>
      </input_file>
      <input_file id="fl-16">
         <path>.\</path>
         <kind>object</kind>
         <file>CRC16.obj</file>
         <name>CRC16.obj</name>
      </input_file>
      <input_file id="fl-26">
         <path>E:\ti\ccsv5\tools\compiler\c2000_6.2.0\lib\</path>
         <kind>archive</kind>
         <file>rts2800_fpu32.lib</file>
         <name>boot.obj</name>
      </input_file>
      <input_file id="fl-27">
         <path>E:\ti\ccsv5\tools\compiler\c2000_6.2.0\lib\</path>
         <kind>archive</kind>
         <file>rts2800_fpu32.lib</file>
         <name>cos.obj</name>
      </input_file>
      <input_file id="fl-28">
         <path>E:\ti\ccsv5\tools\compiler\c2000_6.2.0\lib\</path>
         <kind>archive</kind>
         <file>rts2800_fpu32.lib</file>
         <name>exit.obj</name>
      </input_file>
      <input_file id="fl-29">
         <path>E:\ti\ccsv5\tools\compiler\c2000_6.2.0\lib\</path>
         <kind>archive</kind>
         <file>rts2800_fpu32.lib</file>
         <name>fd_add.obj</name>
      </input_file>
      <input_file id="fl-2a">
         <path>E:\ti\ccsv5\tools\compiler\c2000_6.2.0\lib\</path>
         <kind>archive</kind>
         <file>rts2800_fpu32.lib</file>
         <name>fd_mpy.obj</name>
      </input_file>
      <input_file id="fl-2b">
         <path>E:\ti\ccsv5\tools\compiler\c2000_6.2.0\lib\</path>
         <kind>archive</kind>
         <file>rts2800_fpu32.lib</file>
         <name>fd_sub.obj</name>
      </input_file>
      <input_file id="fl-2c">
         <path>E:\ti\ccsv5\tools\compiler\c2000_6.2.0\lib\</path>
         <kind>archive</kind>
         <file>rts2800_fpu32.lib</file>
         <name>fd_tofs.obj</name>
      </input_file>
      <input_file id="fl-2d">
         <path>E:\ti\ccsv5\tools\compiler\c2000_6.2.0\lib\</path>
         <kind>archive</kind>
         <file>rts2800_fpu32.lib</file>
         <name>fs_div.obj</name>
      </input_file>
      <input_file id="fl-2e">
         <path>E:\ti\ccsv5\tools\compiler\c2000_6.2.0\lib\</path>
         <kind>archive</kind>
         <file>rts2800_fpu32.lib</file>
         <name>fs_tofd.obj</name>
      </input_file>
      <input_file id="fl-2f">
         <path>E:\ti\ccsv5\tools\compiler\c2000_6.2.0\lib\</path>
         <kind>archive</kind>
         <file>rts2800_fpu32.lib</file>
         <name>_lock.obj</name>
      </input_file>
      <input_file id="fl-30">
         <path>E:\ti\ccsv5\tools\compiler\c2000_6.2.0\lib\</path>
         <kind>archive</kind>
         <file>rts2800_fpu32.lib</file>
         <name>l_tofd.obj</name>
      </input_file>
      <input_file id="fl-31">
         <path>E:\ti\ccsv5\tools\compiler\c2000_6.2.0\lib\</path>
         <kind>archive</kind>
         <file>rts2800_fpu32.lib</file>
         <name>modf.obj</name>
      </input_file>
      <input_file id="fl-32">
         <path>E:\ti\ccsv5\tools\compiler\c2000_6.2.0\lib\</path>
         <kind>archive</kind>
         <file>rts2800_fpu32.lib</file>
         <name>u_div.obj</name>
      </input_file>
      <input_file id="fl-33">
         <path>E:\ti\ccsv5\tools\compiler\c2000_6.2.0\lib\</path>
         <kind>archive</kind>
         <file>rts2800_fpu32.lib</file>
         <name>u_tofd.obj</name>
      </input_file>
      <input_file id="fl-34">
         <path>E:\ti\ccsv5\tools\compiler\c2000_6.2.0\lib\</path>
         <kind>archive</kind>
         <file>rts2800_fpu32.lib</file>
         <name>args_main.obj</name>
      </input_file>
   </input_file_list>
   <object_component_list>
      <object_component id="oc-d2">
         <name>codestart</name>
         <load_address>0x0</load_address>
         <run_address>0x0</run_address>
         <size>0x2</size>
         <input_file_ref idref="fl-11"/>
      </object_component>
      <object_component id="oc-72">
         <name>ramfuncs</name>
         <load_address>0x8050</load_address>
         <run_address>0x8050</run_address>
         <size>0x1b</size>
         <input_file_ref idref="fl-8"/>
      </object_component>
      <object_component id="oc-67">
         <name>ramfuncs</name>
         <load_address>0x806b</load_address>
         <run_address>0x806b</run_address>
         <size>0x4</size>
         <input_file_ref idref="fl-6"/>
      </object_component>
      <object_component id="oc-c7">
         <name>.text:retain</name>
         <load_address>0x9000</load_address>
         <run_address>0x9000</run_address>
         <size>0x5e7</size>
         <input_file_ref idref="fl-f"/>
      </object_component>
      <object_component id="oc-53">
         <name>.text</name>
         <load_address>0x95e7</load_address>
         <run_address>0x95e7</run_address>
         <size>0x176</size>
         <input_file_ref idref="fl-3"/>
      </object_component>
      <object_component id="oc-be">
         <name>.text</name>
         <load_address>0x975d</load_address>
         <run_address>0x975d</run_address>
         <size>0x13c</size>
         <input_file_ref idref="fl-e"/>
      </object_component>
      <object_component id="oc-6b">
         <name>.text</name>
         <load_address>0x9899</load_address>
         <run_address>0x9899</run_address>
         <size>0xf6</size>
         <input_file_ref idref="fl-7"/>
      </object_component>
      <object_component id="oc-70">
         <name>.text</name>
         <load_address>0x998f</load_address>
         <run_address>0x998f</run_address>
         <size>0xf3</size>
         <input_file_ref idref="fl-8"/>
      </object_component>
      <object_component id="oc-59">
         <name>.text</name>
         <load_address>0x9a82</load_address>
         <run_address>0x9a82</run_address>
         <size>0xdf</size>
         <input_file_ref idref="fl-4"/>
      </object_component>
      <object_component id="oc-fc">
         <name>.text</name>
         <load_address>0x9b61</load_address>
         <run_address>0x9b61</run_address>
         <size>0x9c</size>
         <input_file_ref idref="fl-29"/>
      </object_component>
      <object_component id="oc-4c">
         <name>.text</name>
         <load_address>0x9bfd</load_address>
         <run_address>0x9bfd</run_address>
         <size>0x8d</size>
         <input_file_ref idref="fl-2"/>
      </object_component>
      <object_component id="oc-10c">
         <name>.text</name>
         <load_address>0x9c8a</load_address>
         <run_address>0x9c8a</run_address>
         <size>0x88</size>
         <input_file_ref idref="fl-2d"/>
      </object_component>
      <object_component id="oc-100">
         <name>.text</name>
         <load_address>0x9d12</load_address>
         <run_address>0x9d12</run_address>
         <size>0x83</size>
         <input_file_ref idref="fl-2a"/>
      </object_component>
      <object_component id="oc-cb">
         <name>.text</name>
         <load_address>0x9d95</load_address>
         <run_address>0x9d95</run_address>
         <size>0x7c</size>
         <input_file_ref idref="fl-10"/>
      </object_component>
      <object_component id="oc-f0">
         <name>.text</name>
         <load_address>0x9e11</load_address>
         <run_address>0x9e11</run_address>
         <size>0x61</size>
         <input_file_ref idref="fl-27"/>
      </object_component>
      <object_component id="oc-4b">
         <name>.text</name>
         <load_address>0x9e72</load_address>
         <run_address>0x9e72</run_address>
         <size>0x46</size>
         <input_file_ref idref="fl-26"/>
      </object_component>
      <object_component id="oc-7b">
         <name>.text</name>
         <load_address>0x9eb8</load_address>
         <run_address>0x9eb8</run_address>
         <size>0x45</size>
         <input_file_ref idref="fl-a"/>
      </object_component>
      <object_component id="oc-76">
         <name>.text</name>
         <load_address>0x9efd</load_address>
         <run_address>0x9efd</run_address>
         <size>0x42</size>
         <input_file_ref idref="fl-9"/>
      </object_component>
      <object_component id="oc-e4">
         <name>.text</name>
         <load_address>0x9f3f</load_address>
         <run_address>0x9f3f</run_address>
         <size>0x32</size>
         <input_file_ref idref="fl-15"/>
      </object_component>
      <object_component id="oc-86">
         <name>.text</name>
         <load_address>0x9f71</load_address>
         <run_address>0x9f71</run_address>
         <size>0x28</size>
         <input_file_ref idref="fl-c"/>
      </object_component>
      <object_component id="oc-108">
         <name>.text</name>
         <load_address>0x9f99</load_address>
         <run_address>0x9f99</run_address>
         <size>0x23</size>
         <input_file_ref idref="fl-2c"/>
      </object_component>
      <object_component id="oc-80">
         <name>.text</name>
         <load_address>0x9fbc</load_address>
         <run_address>0x9fbc</run_address>
         <size>0x20</size>
         <input_file_ref idref="fl-b"/>
      </object_component>
      <object_component id="oc-df">
         <name>.text</name>
         <load_address>0x9fdc</load_address>
         <run_address>0x9fdc</run_address>
         <size>0x1f</size>
         <input_file_ref idref="fl-14"/>
      </object_component>
      <object_component id="oc-110">
         <name>.text</name>
         <load_address>0x9ffb</load_address>
         <run_address>0x9ffb</run_address>
         <size>0x1c</size>
         <input_file_ref idref="fl-2e"/>
      </object_component>
      <object_component id="oc-11b">
         <name>.text</name>
         <load_address>0xa017</load_address>
         <run_address>0xa017</run_address>
         <size>0x1c</size>
         <input_file_ref idref="fl-30"/>
      </object_component>
      <object_component id="oc-60">
         <name>.text</name>
         <load_address>0xa033</load_address>
         <run_address>0xa033</run_address>
         <size>0x1a</size>
         <input_file_ref idref="fl-5"/>
      </object_component>
      <object_component id="oc-11f">
         <name>.text</name>
         <load_address>0xa04d</load_address>
         <run_address>0xa04d</run_address>
         <size>0x1a</size>
         <input_file_ref idref="fl-31"/>
      </object_component>
      <object_component id="oc-12c">
         <name>.text</name>
         <load_address>0xa067</load_address>
         <run_address>0xa067</run_address>
         <size>0x19</size>
         <input_file_ref idref="fl-34"/>
      </object_component>
      <object_component id="oc-f5">
         <name>.text</name>
         <load_address>0xa080</load_address>
         <run_address>0xa080</run_address>
         <size>0x19</size>
         <input_file_ref idref="fl-28"/>
      </object_component>
      <object_component id="oc-128">
         <name>.text</name>
         <load_address>0xa099</load_address>
         <run_address>0xa099</run_address>
         <size>0x17</size>
         <input_file_ref idref="fl-33"/>
      </object_component>
      <object_component id="oc-d6">
         <name>.text</name>
         <load_address>0xa0b0</load_address>
         <run_address>0xa0b0</run_address>
         <size>0x14</size>
         <input_file_ref idref="fl-12"/>
      </object_component>
      <object_component id="oc-c3">
         <name>.text</name>
         <load_address>0xa0c4</load_address>
         <run_address>0xa0c4</run_address>
         <size>0x13</size>
         <input_file_ref idref="fl-f"/>
      </object_component>
      <object_component id="oc-104">
         <name>.text</name>
         <load_address>0xa0d7</load_address>
         <run_address>0xa0d7</run_address>
         <size>0xe</size>
         <input_file_ref idref="fl-2b"/>
      </object_component>
      <object_component id="oc-124">
         <name>.text</name>
         <load_address>0xa0e5</load_address>
         <run_address>0xa0e5</run_address>
         <size>0xb</size>
         <input_file_ref idref="fl-32"/>
      </object_component>
      <object_component id="oc-114">
         <name>.text</name>
         <load_address>0xa0f0</load_address>
         <run_address>0xa0f0</run_address>
         <size>0x9</size>
         <input_file_ref idref="fl-2f"/>
      </object_component>
      <object_component id="oc-d1">
         <name>.text</name>
         <load_address>0xa0f9</load_address>
         <run_address>0xa0f9</run_address>
         <size>0x8</size>
         <input_file_ref idref="fl-11"/>
      </object_component>
      <object_component id="oc-4e">
         <name>.cinit</name>
         <load_address>0x8000</load_address>
         <run_address>0x8000</run_address>
         <size>0x1c</size>
         <input_file_ref idref="fl-2"/>
      </object_component>
      <object_component id="oc-c5">
         <name>.cinit</name>
         <load_address>0x801c</load_address>
         <run_address>0x801c</run_address>
         <size>0x1a</size>
         <input_file_ref idref="fl-f"/>
      </object_component>
      <object_component id="oc-116">
         <name>.cinit</name>
         <load_address>0x8036</load_address>
         <run_address>0x8036</run_address>
         <size>0xa</size>
         <input_file_ref idref="fl-2f"/>
      </object_component>
      <object_component id="oc-f7">
         <name>.cinit</name>
         <load_address>0x8040</load_address>
         <run_address>0x8040</run_address>
         <size>0xa</size>
         <input_file_ref idref="fl-28"/>
      </object_component>
      <object_component id="oc-62">
         <name>.cinit</name>
         <load_address>0x804a</load_address>
         <run_address>0x804a</run_address>
         <size>0x4</size>
         <input_file_ref idref="fl-5"/>
      </object_component>
      <object_component id="oc-eb">
         <name>.stack</name>
         <uninitialized>true</uninitialized>
         <run_address>0x400</run_address>
         <size>0x0</size>
         <input_file_ref idref="fl-26"/>
      </object_component>
      <object_component id="oc-183">
         <name>.stack</name>
         <uninitialized>true</uninitialized>
         <run_address>0x400</run_address>
         <size>0x0</size>
      </object_component>
      <object_component id="oc-4f">
         <name>.ebss</name>
         <uninitialized>true</uninitialized>
         <run_address>0xc000</run_address>
         <size>0x364</size>
         <input_file_ref idref="fl-2"/>
      </object_component>
      <object_component id="oc-55">
         <name>.ebss</name>
         <uninitialized>true</uninitialized>
         <run_address>0xc3ce</run_address>
         <size>0x2</size>
         <input_file_ref idref="fl-3"/>
      </object_component>
      <object_component id="oc-63">
         <name>.ebss</name>
         <uninitialized>true</uninitialized>
         <run_address>0xc380</run_address>
         <size>0x40</size>
         <input_file_ref idref="fl-5"/>
      </object_component>
      <object_component id="oc-c6">
         <name>.ebss</name>
         <uninitialized>true</uninitialized>
         <run_address>0xc3c0</run_address>
         <size>0xa</size>
         <input_file_ref idref="fl-f"/>
      </object_component>
      <object_component id="oc-cd">
         <name>.ebss</name>
         <uninitialized>true</uninitialized>
         <run_address>0xc364</run_address>
         <size>0x18</size>
         <input_file_ref idref="fl-10"/>
      </object_component>
      <object_component id="oc-f8">
         <name>.ebss</name>
         <uninitialized>true</uninitialized>
         <run_address>0xc3ca</run_address>
         <size>0x4</size>
         <input_file_ref idref="fl-28"/>
      </object_component>
      <object_component id="oc-117">
         <name>.ebss</name>
         <uninitialized>true</uninitialized>
         <run_address>0xc37c</run_address>
         <size>0x4</size>
         <input_file_ref idref="fl-2f"/>
      </object_component>
      <object_component id="oc-82">
         <name>.econst</name>
         <load_address>0xd000</load_address>
         <run_address>0xd000</run_address>
         <size>0x100</size>
         <input_file_ref idref="fl-b"/>
      </object_component>
      <object_component id="oc-5c">
         <name>.econst</name>
         <load_address>0xd100</load_address>
         <run_address>0xd100</run_address>
         <size>0x4</size>
         <input_file_ref idref="fl-4"/>
      </object_component>
      <object_component id="oc-5b">
         <name>ZONE6DATA</name>
         <uninitialized>true</uninitialized>
         <run_address>0x100000</run_address>
         <size>0x3ee4</size>
         <input_file_ref idref="fl-4"/>
      </object_component>
      <object_component id="oc-ec">
         <name>.reset</name>
         <load_address>0x3fffc0</load_address>
         <run_address>0x3fffc0</run_address>
         <size>0x2</size>
         <input_file_ref idref="fl-26"/>
      </object_component>
      <object_component id="oc-db">
         <name>.adc_cal</name>
         <load_address>0x380080</load_address>
         <run_address>0x380080</run_address>
         <size>0x7</size>
         <input_file_ref idref="fl-13"/>
      </object_component>
      <object_component id="oc-bc">
         <name>PieVectTableFile</name>
         <uninitialized>true</uninitialized>
         <run_address>0xd00</run_address>
         <size>0x100</size>
         <input_file_ref idref="fl-d"/>
      </object_component>
      <object_component id="oc-b8">
         <name>DevEmuRegsFile</name>
         <uninitialized>true</uninitialized>
         <run_address>0x880</run_address>
         <size>0xd0</size>
         <input_file_ref idref="fl-d"/>
      </object_component>
      <object_component id="oc-8e">
         <name>FlashRegsFile</name>
         <uninitialized>true</uninitialized>
         <run_address>0xa80</run_address>
         <size>0x8</size>
         <input_file_ref idref="fl-d"/>
      </object_component>
      <object_component id="oc-98">
         <name>CsmRegsFile</name>
         <uninitialized>true</uninitialized>
         <run_address>0xae0</run_address>
         <size>0x10</size>
         <input_file_ref idref="fl-d"/>
      </object_component>
      <object_component id="oc-97">
         <name>AdcMirrorFile</name>
         <uninitialized>true</uninitialized>
         <run_address>0xb00</run_address>
         <size>0x10</size>
         <input_file_ref idref="fl-d"/>
      </object_component>
      <object_component id="oc-9b">
         <name>XintfRegsFile</name>
         <uninitialized>true</uninitialized>
         <run_address>0xb20</run_address>
         <size>0x1e</size>
         <input_file_ref idref="fl-d"/>
      </object_component>
      <object_component id="oc-8f">
         <name>CpuTimer0RegsFile</name>
         <uninitialized>true</uninitialized>
         <run_address>0xc00</run_address>
         <size>0x8</size>
         <input_file_ref idref="fl-d"/>
      </object_component>
      <object_component id="oc-8d">
         <name>CpuTimer1RegsFile</name>
         <uninitialized>true</uninitialized>
         <run_address>0xc08</run_address>
         <size>0x8</size>
         <input_file_ref idref="fl-d"/>
      </object_component>
      <object_component id="oc-8c">
         <name>CpuTimer2RegsFile</name>
         <uninitialized>true</uninitialized>
         <run_address>0xc10</run_address>
         <size>0x8</size>
         <input_file_ref idref="fl-d"/>
      </object_component>
      <object_component id="oc-99">
         <name>PieCtrlRegsFile</name>
         <uninitialized>true</uninitialized>
         <run_address>0xce0</run_address>
         <size>0x1a</size>
         <input_file_ref idref="fl-d"/>
      </object_component>
      <object_component id="oc-b9">
         <name>DmaRegsFile</name>
         <uninitialized>true</uninitialized>
         <run_address>0x1000</run_address>
         <size>0xe0</size>
         <input_file_ref idref="fl-d"/>
      </object_component>
      <object_component id="oc-ab">
         <name>McbspaRegsFile</name>
         <uninitialized>true</uninitialized>
         <run_address>0x5000</run_address>
         <size>0x25</size>
         <input_file_ref idref="fl-d"/>
      </object_component>
      <object_component id="oc-ac">
         <name>McbspbRegsFile</name>
         <uninitialized>true</uninitialized>
         <run_address>0x5040</run_address>
         <size>0x25</size>
         <input_file_ref idref="fl-d"/>
      </object_component>
      <object_component id="oc-af">
         <name>ECanaRegsFile</name>
         <uninitialized>true</uninitialized>
         <run_address>0x6000</run_address>
         <size>0x34</size>
         <input_file_ref idref="fl-d"/>
      </object_component>
      <object_component id="oc-b2">
         <name>ECanaLAMRegsFile</name>
         <uninitialized>true</uninitialized>
         <run_address>0x6040</run_address>
         <size>0x40</size>
         <input_file_ref idref="fl-d"/>
      </object_component>
      <object_component id="oc-bb">
         <name>ECanaMboxesFile</name>
         <uninitialized>true</uninitialized>
         <run_address>0x6100</run_address>
         <size>0x100</size>
         <input_file_ref idref="fl-d"/>
      </object_component>
      <object_component id="oc-b3">
         <name>ECanaMOTSRegsFile</name>
         <uninitialized>true</uninitialized>
         <run_address>0x6080</run_address>
         <size>0x40</size>
         <input_file_ref idref="fl-d"/>
      </object_component>
      <object_component id="oc-b0">
         <name>ECanaMOTORegsFile</name>
         <uninitialized>true</uninitialized>
         <run_address>0x60c0</run_address>
         <size>0x40</size>
         <input_file_ref idref="fl-d"/>
      </object_component>
      <object_component id="oc-ae">
         <name>ECanbRegsFile</name>
         <uninitialized>true</uninitialized>
         <run_address>0x6200</run_address>
         <size>0x34</size>
         <input_file_ref idref="fl-d"/>
      </object_component>
      <object_component id="oc-b6">
         <name>ECanbLAMRegsFile</name>
         <uninitialized>true</uninitialized>
         <run_address>0x6240</run_address>
         <size>0x40</size>
         <input_file_ref idref="fl-d"/>
      </object_component>
      <object_component id="oc-ba">
         <name>ECanbMboxesFile</name>
         <uninitialized>true</uninitialized>
         <run_address>0x6300</run_address>
         <size>0x100</size>
         <input_file_ref idref="fl-d"/>
      </object_component>
      <object_component id="oc-b1">
         <name>ECanbMOTSRegsFile</name>
         <uninitialized>true</uninitialized>
         <run_address>0x6280</run_address>
         <size>0x40</size>
         <input_file_ref idref="fl-d"/>
      </object_component>
      <object_component id="oc-b4">
         <name>ECanbMOTORegsFile</name>
         <uninitialized>true</uninitialized>
         <run_address>0x62c0</run_address>
         <size>0x40</size>
         <input_file_ref idref="fl-d"/>
      </object_component>
      <object_component id="oc-a6">
         <name>EPwm1RegsFile</name>
         <uninitialized>true</uninitialized>
         <run_address>0x6800</run_address>
         <size>0x22</size>
         <input_file_ref idref="fl-d"/>
      </object_component>
      <object_component id="oc-a5">
         <name>EPwm2RegsFile</name>
         <uninitialized>true</uninitialized>
         <run_address>0x6840</run_address>
         <size>0x22</size>
         <input_file_ref idref="fl-d"/>
      </object_component>
      <object_component id="oc-a7">
         <name>EPwm3RegsFile</name>
         <uninitialized>true</uninitialized>
         <run_address>0x6880</run_address>
         <size>0x22</size>
         <input_file_ref idref="fl-d"/>
      </object_component>
      <object_component id="oc-a9">
         <name>EPwm4RegsFile</name>
         <uninitialized>true</uninitialized>
         <run_address>0x68c0</run_address>
         <size>0x22</size>
         <input_file_ref idref="fl-d"/>
      </object_component>
      <object_component id="oc-a8">
         <name>EPwm5RegsFile</name>
         <uninitialized>true</uninitialized>
         <run_address>0x6900</run_address>
         <size>0x22</size>
         <input_file_ref idref="fl-d"/>
      </object_component>
      <object_component id="oc-aa">
         <name>EPwm6RegsFile</name>
         <uninitialized>true</uninitialized>
         <run_address>0x6940</run_address>
         <size>0x22</size>
         <input_file_ref idref="fl-d"/>
      </object_component>
      <object_component id="oc-a2">
         <name>ECap1RegsFile</name>
         <uninitialized>true</uninitialized>
         <run_address>0x6a00</run_address>
         <size>0x20</size>
         <input_file_ref idref="fl-d"/>
      </object_component>
      <object_component id="oc-9e">
         <name>ECap2RegsFile</name>
         <uninitialized>true</uninitialized>
         <run_address>0x6a20</run_address>
         <size>0x20</size>
         <input_file_ref idref="fl-d"/>
      </object_component>
      <object_component id="oc-9f">
         <name>ECap3RegsFile</name>
         <uninitialized>true</uninitialized>
         <run_address>0x6a40</run_address>
         <size>0x20</size>
         <input_file_ref idref="fl-d"/>
      </object_component>
      <object_component id="oc-9c">
         <name>ECap4RegsFile</name>
         <uninitialized>true</uninitialized>
         <run_address>0x6a60</run_address>
         <size>0x20</size>
         <input_file_ref idref="fl-d"/>
      </object_component>
      <object_component id="oc-9d">
         <name>ECap5RegsFile</name>
         <uninitialized>true</uninitialized>
         <run_address>0x6a80</run_address>
         <size>0x20</size>
         <input_file_ref idref="fl-d"/>
      </object_component>
      <object_component id="oc-a3">
         <name>ECap6RegsFile</name>
         <uninitialized>true</uninitialized>
         <run_address>0x6aa0</run_address>
         <size>0x20</size>
         <input_file_ref idref="fl-d"/>
      </object_component>
      <object_component id="oc-b7">
         <name>EQep1RegsFile</name>
         <uninitialized>true</uninitialized>
         <run_address>0x6b00</run_address>
         <size>0x40</size>
         <input_file_ref idref="fl-d"/>
      </object_component>
      <object_component id="oc-b5">
         <name>EQep2RegsFile</name>
         <uninitialized>true</uninitialized>
         <run_address>0x6b40</run_address>
         <size>0x40</size>
         <input_file_ref idref="fl-d"/>
      </object_component>
      <object_component id="oc-ad">
         <name>GpioCtrlRegsFile</name>
         <uninitialized>true</uninitialized>
         <run_address>0x6f80</run_address>
         <size>0x2e</size>
         <input_file_ref idref="fl-d"/>
      </object_component>
      <object_component id="oc-a0">
         <name>GpioDataRegsFile</name>
         <uninitialized>true</uninitialized>
         <run_address>0x6fc0</run_address>
         <size>0x20</size>
         <input_file_ref idref="fl-d"/>
      </object_component>
      <object_component id="oc-91">
         <name>GpioIntRegsFile</name>
         <uninitialized>true</uninitialized>
         <run_address>0x6fe0</run_address>
         <size>0xa</size>
         <input_file_ref idref="fl-d"/>
      </object_component>
      <object_component id="oc-a1">
         <name>SysCtrlRegsFile</name>
         <uninitialized>true</uninitialized>
         <run_address>0x7010</run_address>
         <size>0x20</size>
         <input_file_ref idref="fl-d"/>
      </object_component>
      <object_component id="oc-94">
         <name>SpiaRegsFile</name>
         <uninitialized>true</uninitialized>
         <run_address>0x7040</run_address>
         <size>0x10</size>
         <input_file_ref idref="fl-d"/>
      </object_component>
      <object_component id="oc-95">
         <name>SciaRegsFile</name>
         <uninitialized>true</uninitialized>
         <run_address>0x7050</run_address>
         <size>0x10</size>
         <input_file_ref idref="fl-d"/>
      </object_component>
      <object_component id="oc-96">
         <name>XIntruptRegsFile</name>
         <uninitialized>true</uninitialized>
         <run_address>0x7070</run_address>
         <size>0x10</size>
         <input_file_ref idref="fl-d"/>
      </object_component>
      <object_component id="oc-9a">
         <name>AdcRegsFile</name>
         <uninitialized>true</uninitialized>
         <run_address>0x7100</run_address>
         <size>0x1e</size>
         <input_file_ref idref="fl-d"/>
      </object_component>
      <object_component id="oc-93">
         <name>ScibRegsFile</name>
         <uninitialized>true</uninitialized>
         <run_address>0x7750</run_address>
         <size>0x10</size>
         <input_file_ref idref="fl-d"/>
      </object_component>
      <object_component id="oc-92">
         <name>ScicRegsFile</name>
         <uninitialized>true</uninitialized>
         <run_address>0x7770</run_address>
         <size>0x10</size>
         <input_file_ref idref="fl-d"/>
      </object_component>
      <object_component id="oc-a4">
         <name>I2caRegsFile</name>
         <uninitialized>true</uninitialized>
         <run_address>0x7900</run_address>
         <size>0x22</size>
         <input_file_ref idref="fl-d"/>
      </object_component>
      <object_component id="oc-90">
         <name>CsmPwlFile</name>
         <uninitialized>true</uninitialized>
         <run_address>0x33fff8</run_address>
         <size>0x8</size>
         <input_file_ref idref="fl-d"/>
      </object_component>
      <object_component id="oc-4d">
         <name>.debug_info</name>
         <load_address>0x0</load_address>
         <run_address>0x0</run_address>
         <size>0x626</size>
         <input_file_ref idref="fl-2"/>
      </object_component>
      <object_component id="oc-54">
         <name>.debug_info</name>
         <load_address>0x626</load_address>
         <run_address>0x626</run_address>
         <size>0x787f</size>
         <input_file_ref idref="fl-3"/>
      </object_component>
      <object_component id="oc-5a">
         <name>.debug_info</name>
         <load_address>0x7ea5</load_address>
         <run_address>0x7ea5</run_address>
         <size>0x673</size>
         <input_file_ref idref="fl-4"/>
      </object_component>
      <object_component id="oc-61">
         <name>.debug_info</name>
         <load_address>0x8518</load_address>
         <run_address>0x8518</run_address>
         <size>0x422</size>
         <input_file_ref idref="fl-5"/>
      </object_component>
      <object_component id="oc-68">
         <name>.debug_info</name>
         <load_address>0x893a</load_address>
         <run_address>0x893a</run_address>
         <size>0xd4</size>
         <input_file_ref idref="fl-6"/>
      </object_component>
      <object_component id="oc-6c">
         <name>.debug_info</name>
         <load_address>0x8a0e</load_address>
         <run_address>0x8a0e</run_address>
         <size>0x21a9</size>
         <input_file_ref idref="fl-7"/>
      </object_component>
      <object_component id="oc-71">
         <name>.debug_info</name>
         <load_address>0xabb7</load_address>
         <run_address>0xabb7</run_address>
         <size>0x1ebc</size>
         <input_file_ref idref="fl-8"/>
      </object_component>
      <object_component id="oc-77">
         <name>.debug_info</name>
         <load_address>0xca73</load_address>
         <run_address>0xca73</run_address>
         <size>0x2429</size>
         <input_file_ref idref="fl-9"/>
      </object_component>
      <object_component id="oc-7c">
         <name>.debug_info</name>
         <load_address>0xee9c</load_address>
         <run_address>0xee9c</run_address>
         <size>0x1cdc</size>
         <input_file_ref idref="fl-a"/>
      </object_component>
      <object_component id="oc-81">
         <name>.debug_info</name>
         <load_address>0x10b78</load_address>
         <run_address>0x10b78</run_address>
         <size>0x227c</size>
         <input_file_ref idref="fl-b"/>
      </object_component>
      <object_component id="oc-87">
         <name>.debug_info</name>
         <load_address>0x12df4</load_address>
         <run_address>0x12df4</run_address>
         <size>0xb0a</size>
         <input_file_ref idref="fl-c"/>
      </object_component>
      <object_component id="oc-8b">
         <name>.debug_info</name>
         <load_address>0x138fe</load_address>
         <run_address>0x138fe</run_address>
         <size>0x12d82</size>
         <input_file_ref idref="fl-d"/>
      </object_component>
      <object_component id="oc-bf">
         <name>.debug_info</name>
         <load_address>0x26680</load_address>
         <run_address>0x26680</run_address>
         <size>0x5eb1</size>
         <input_file_ref idref="fl-e"/>
      </object_component>
      <object_component id="oc-c4">
         <name>.debug_info</name>
         <load_address>0x2c531</load_address>
         <run_address>0x2c531</run_address>
         <size>0x721e</size>
         <input_file_ref idref="fl-f"/>
      </object_component>
      <object_component id="oc-cc">
         <name>.debug_info</name>
         <load_address>0x3374f</load_address>
         <run_address>0x3374f</run_address>
         <size>0x956</size>
         <input_file_ref idref="fl-10"/>
      </object_component>
      <object_component id="oc-d3">
         <name>.debug_info</name>
         <load_address>0x340a5</load_address>
         <run_address>0x340a5</run_address>
         <size>0x111</size>
         <input_file_ref idref="fl-11"/>
      </object_component>
      <object_component id="oc-d7">
         <name>.debug_info</name>
         <load_address>0x341b6</load_address>
         <run_address>0x341b6</run_address>
         <size>0x1d8b</size>
         <input_file_ref idref="fl-12"/>
      </object_component>
      <object_component id="oc-dc">
         <name>.debug_info</name>
         <load_address>0x35f41</load_address>
         <run_address>0x35f41</run_address>
         <size>0xd4</size>
         <input_file_ref idref="fl-13"/>
      </object_component>
      <object_component id="oc-e0">
         <name>.debug_info</name>
         <load_address>0x36015</load_address>
         <run_address>0x36015</run_address>
         <size>0x270c</size>
         <input_file_ref idref="fl-14"/>
      </object_component>
      <object_component id="oc-e5">
         <name>.debug_info</name>
         <load_address>0x38721</load_address>
         <run_address>0x38721</run_address>
         <size>0x2f78</size>
         <input_file_ref idref="fl-15"/>
      </object_component>
      <object_component id="oc-e9">
         <name>.debug_info</name>
         <load_address>0x3b699</load_address>
         <run_address>0x3b699</run_address>
         <size>0x345</size>
         <input_file_ref idref="fl-16"/>
      </object_component>
      <object_component id="oc-ed">
         <name>.debug_info</name>
         <load_address>0x3b9de</load_address>
         <run_address>0x3b9de</run_address>
         <size>0xde</size>
         <input_file_ref idref="fl-26"/>
      </object_component>
      <object_component id="oc-f1">
         <name>.debug_info</name>
         <load_address>0x3babc</load_address>
         <run_address>0x3babc</run_address>
         <size>0x3c6</size>
         <input_file_ref idref="fl-27"/>
      </object_component>
      <object_component id="oc-f6">
         <name>.debug_info</name>
         <load_address>0x3be82</load_address>
         <run_address>0x3be82</run_address>
         <size>0x488</size>
         <input_file_ref idref="fl-28"/>
      </object_component>
      <object_component id="oc-fd">
         <name>.debug_info</name>
         <load_address>0x3c30a</load_address>
         <run_address>0x3c30a</run_address>
         <size>0xc0</size>
         <input_file_ref idref="fl-29"/>
      </object_component>
      <object_component id="oc-101">
         <name>.debug_info</name>
         <load_address>0x3c3ca</load_address>
         <run_address>0x3c3ca</run_address>
         <size>0xc0</size>
         <input_file_ref idref="fl-2a"/>
      </object_component>
      <object_component id="oc-105">
         <name>.debug_info</name>
         <load_address>0x3c48a</load_address>
         <run_address>0x3c48a</run_address>
         <size>0xce</size>
         <input_file_ref idref="fl-2b"/>
      </object_component>
      <object_component id="oc-109">
         <name>.debug_info</name>
         <load_address>0x3c558</load_address>
         <run_address>0x3c558</run_address>
         <size>0xc6</size>
         <input_file_ref idref="fl-2c"/>
      </object_component>
      <object_component id="oc-10d">
         <name>.debug_info</name>
         <load_address>0x3c61e</load_address>
         <run_address>0x3c61e</run_address>
         <size>0xc0</size>
         <input_file_ref idref="fl-2d"/>
      </object_component>
      <object_component id="oc-111">
         <name>.debug_info</name>
         <load_address>0x3c6de</load_address>
         <run_address>0x3c6de</run_address>
         <size>0xc6</size>
         <input_file_ref idref="fl-2e"/>
      </object_component>
      <object_component id="oc-115">
         <name>.debug_info</name>
         <load_address>0x3c7a4</load_address>
         <run_address>0x3c7a4</run_address>
         <size>0x4ae</size>
         <input_file_ref idref="fl-2f"/>
      </object_component>
      <object_component id="oc-11c">
         <name>.debug_info</name>
         <load_address>0x3cc52</load_address>
         <run_address>0x3cc52</run_address>
         <size>0xc0</size>
         <input_file_ref idref="fl-30"/>
      </object_component>
      <object_component id="oc-120">
         <name>.debug_info</name>
         <load_address>0x3cd12</load_address>
         <run_address>0x3cd12</run_address>
         <size>0x3db</size>
         <input_file_ref idref="fl-31"/>
      </object_component>
      <object_component id="oc-125">
         <name>.debug_info</name>
         <load_address>0x3d0ed</load_address>
         <run_address>0x3d0ed</run_address>
         <size>0xeb</size>
         <input_file_ref idref="fl-32"/>
      </object_component>
      <object_component id="oc-129">
         <name>.debug_info</name>
         <load_address>0x3d1d8</load_address>
         <run_address>0x3d1d8</run_address>
         <size>0xc0</size>
         <input_file_ref idref="fl-33"/>
      </object_component>
      <object_component id="oc-12d">
         <name>.debug_info</name>
         <load_address>0x3d298</load_address>
         <run_address>0x3d298</run_address>
         <size>0x46f</size>
         <input_file_ref idref="fl-34"/>
      </object_component>
      <object_component id="oc-184">
         <name>.debug_info</name>
         <load_address>0x3d707</load_address>
         <run_address>0x3d707</run_address>
         <size>0x6f</size>
      </object_component>
      <object_component id="oc-50">
         <name>.debug_frame</name>
         <load_address>0x0</load_address>
         <run_address>0x0</run_address>
         <size>0xad</size>
         <input_file_ref idref="fl-2"/>
      </object_component>
      <object_component id="oc-56">
         <name>.debug_frame</name>
         <load_address>0xad</load_address>
         <run_address>0xad</run_address>
         <size>0x1d1</size>
         <input_file_ref idref="fl-3"/>
      </object_component>
      <object_component id="oc-5d">
         <name>.debug_frame</name>
         <load_address>0x27e</load_address>
         <run_address>0x27e</run_address>
         <size>0xb6</size>
         <input_file_ref idref="fl-4"/>
      </object_component>
      <object_component id="oc-64">
         <name>.debug_frame</name>
         <load_address>0x334</load_address>
         <run_address>0x334</run_address>
         <size>0xa6</size>
         <input_file_ref idref="fl-5"/>
      </object_component>
      <object_component id="oc-6d">
         <name>.debug_frame</name>
         <load_address>0x3da</load_address>
         <run_address>0x3da</run_address>
         <size>0xd6</size>
         <input_file_ref idref="fl-7"/>
      </object_component>
      <object_component id="oc-73">
         <name>.debug_frame</name>
         <load_address>0x4b0</load_address>
         <run_address>0x4b0</run_address>
         <size>0x144</size>
         <input_file_ref idref="fl-8"/>
      </object_component>
      <object_component id="oc-78">
         <name>.debug_frame</name>
         <load_address>0x5f4</load_address>
         <run_address>0x5f4</run_address>
         <size>0xd6</size>
         <input_file_ref idref="fl-9"/>
      </object_component>
      <object_component id="oc-7d">
         <name>.debug_frame</name>
         <load_address>0x6ca</load_address>
         <run_address>0x6ca</run_address>
         <size>0x106</size>
         <input_file_ref idref="fl-a"/>
      </object_component>
      <object_component id="oc-83">
         <name>.debug_frame</name>
         <load_address>0x7d0</load_address>
         <run_address>0x7d0</run_address>
         <size>0xac</size>
         <input_file_ref idref="fl-b"/>
      </object_component>
      <object_component id="oc-88">
         <name>.debug_frame</name>
         <load_address>0x87c</load_address>
         <run_address>0x87c</run_address>
         <size>0xbe</size>
         <input_file_ref idref="fl-c"/>
      </object_component>
      <object_component id="oc-c0">
         <name>.debug_frame</name>
         <load_address>0x93a</load_address>
         <run_address>0x93a</run_address>
         <size>0x12c</size>
         <input_file_ref idref="fl-e"/>
      </object_component>
      <object_component id="oc-c8">
         <name>.debug_frame</name>
         <load_address>0xa66</load_address>
         <run_address>0xa66</run_address>
         <size>0xdf4</size>
         <input_file_ref idref="fl-f"/>
      </object_component>
      <object_component id="oc-ce">
         <name>.debug_frame</name>
         <load_address>0x185a</load_address>
         <run_address>0x185a</run_address>
         <size>0xc5</size>
         <input_file_ref idref="fl-10"/>
      </object_component>
      <object_component id="oc-d8">
         <name>.debug_frame</name>
         <load_address>0x191f</load_address>
         <run_address>0x191f</run_address>
         <size>0xa6</size>
         <input_file_ref idref="fl-12"/>
      </object_component>
      <object_component id="oc-e1">
         <name>.debug_frame</name>
         <load_address>0x19c5</load_address>
         <run_address>0x19c5</run_address>
         <size>0xbe</size>
         <input_file_ref idref="fl-14"/>
      </object_component>
      <object_component id="oc-e6">
         <name>.debug_frame</name>
         <load_address>0x1a83</load_address>
         <run_address>0x1a83</run_address>
         <size>0xbe</size>
         <input_file_ref idref="fl-15"/>
      </object_component>
      <object_component id="oc-f2">
         <name>.debug_frame</name>
         <load_address>0x1b41</load_address>
         <run_address>0x1b41</run_address>
         <size>0xad</size>
         <input_file_ref idref="fl-27"/>
      </object_component>
      <object_component id="oc-f9">
         <name>.debug_frame</name>
         <load_address>0x1bee</load_address>
         <run_address>0x1bee</run_address>
         <size>0xc7</size>
         <input_file_ref idref="fl-28"/>
      </object_component>
      <object_component id="oc-118">
         <name>.debug_frame</name>
         <load_address>0x1cb5</load_address>
         <run_address>0x1cb5</run_address>
         <size>0xd6</size>
         <input_file_ref idref="fl-2f"/>
      </object_component>
      <object_component id="oc-121">
         <name>.debug_frame</name>
         <load_address>0x1d8b</load_address>
         <run_address>0x1d8b</run_address>
         <size>0xac</size>
         <input_file_ref idref="fl-31"/>
      </object_component>
      <object_component id="oc-12e">
         <name>.debug_frame</name>
         <load_address>0x1e37</load_address>
         <run_address>0x1e37</run_address>
         <size>0xa6</size>
         <input_file_ref idref="fl-34"/>
      </object_component>
      <object_component id="oc-51">
         <name>.debug_line</name>
         <load_address>0x0</load_address>
         <run_address>0x0</run_address>
         <size>0x5f</size>
         <input_file_ref idref="fl-2"/>
      </object_component>
      <object_component id="oc-57">
         <name>.debug_line</name>
         <load_address>0x5f</load_address>
         <run_address>0x5f</run_address>
         <size>0x1e2</size>
         <input_file_ref idref="fl-3"/>
      </object_component>
      <object_component id="oc-5e">
         <name>.debug_line</name>
         <load_address>0x241</load_address>
         <run_address>0x241</run_address>
         <size>0x82</size>
         <input_file_ref idref="fl-4"/>
      </object_component>
      <object_component id="oc-65">
         <name>.debug_line</name>
         <load_address>0x2c3</load_address>
         <run_address>0x2c3</run_address>
         <size>0x51</size>
         <input_file_ref idref="fl-5"/>
      </object_component>
      <object_component id="oc-69">
         <name>.debug_line</name>
         <load_address>0x314</load_address>
         <run_address>0x314</run_address>
         <size>0x45</size>
         <input_file_ref idref="fl-6"/>
      </object_component>
      <object_component id="oc-6e">
         <name>.debug_line</name>
         <load_address>0x359</load_address>
         <run_address>0x359</run_address>
         <size>0xf2</size>
         <input_file_ref idref="fl-7"/>
      </object_component>
      <object_component id="oc-74">
         <name>.debug_line</name>
         <load_address>0x44b</load_address>
         <run_address>0x44b</run_address>
         <size>0x162</size>
         <input_file_ref idref="fl-8"/>
      </object_component>
      <object_component id="oc-79">
         <name>.debug_line</name>
         <load_address>0x5ad</load_address>
         <run_address>0x5ad</run_address>
         <size>0x90</size>
         <input_file_ref idref="fl-9"/>
      </object_component>
      <object_component id="oc-7e">
         <name>.debug_line</name>
         <load_address>0x63d</load_address>
         <run_address>0x63d</run_address>
         <size>0xbe</size>
         <input_file_ref idref="fl-a"/>
      </object_component>
      <object_component id="oc-84">
         <name>.debug_line</name>
         <load_address>0x6fb</load_address>
         <run_address>0x6fb</run_address>
         <size>0x65</size>
         <input_file_ref idref="fl-b"/>
      </object_component>
      <object_component id="oc-89">
         <name>.debug_line</name>
         <load_address>0x760</load_address>
         <run_address>0x760</run_address>
         <size>0x83</size>
         <input_file_ref idref="fl-c"/>
      </object_component>
      <object_component id="oc-c1">
         <name>.debug_line</name>
         <load_address>0x7e3</load_address>
         <run_address>0x7e3</run_address>
         <size>0x1a7</size>
         <input_file_ref idref="fl-e"/>
      </object_component>
      <object_component id="oc-c9">
         <name>.debug_line</name>
         <load_address>0x98a</load_address>
         <run_address>0x98a</run_address>
         <size>0x953</size>
         <input_file_ref idref="fl-f"/>
      </object_component>
      <object_component id="oc-cf">
         <name>.debug_line</name>
         <load_address>0x12dd</load_address>
         <run_address>0x12dd</run_address>
         <size>0x85</size>
         <input_file_ref idref="fl-10"/>
      </object_component>
      <object_component id="oc-d4">
         <name>.debug_line</name>
         <load_address>0x1362</load_address>
         <run_address>0x1362</run_address>
         <size>0x5e</size>
         <input_file_ref idref="fl-11"/>
      </object_component>
      <object_component id="oc-d9">
         <name>.debug_line</name>
         <load_address>0x13c0</load_address>
         <run_address>0x13c0</run_address>
         <size>0x4e</size>
         <input_file_ref idref="fl-12"/>
      </object_component>
      <object_component id="oc-dd">
         <name>.debug_line</name>
         <load_address>0x140e</load_address>
         <run_address>0x140e</run_address>
         <size>0x46</size>
         <input_file_ref idref="fl-13"/>
      </object_component>
      <object_component id="oc-e2">
         <name>.debug_line</name>
         <load_address>0x1454</load_address>
         <run_address>0x1454</run_address>
         <size>0x63</size>
         <input_file_ref idref="fl-14"/>
      </object_component>
      <object_component id="oc-e7">
         <name>.debug_line</name>
         <load_address>0x14b7</load_address>
         <run_address>0x14b7</run_address>
         <size>0x6e</size>
         <input_file_ref idref="fl-15"/>
      </object_component>
      <object_component id="oc-ee">
         <name>.debug_line</name>
         <load_address>0x1525</load_address>
         <run_address>0x1525</run_address>
         <size>0x71</size>
         <input_file_ref idref="fl-26"/>
      </object_component>
      <object_component id="oc-f3">
         <name>.debug_line</name>
         <load_address>0x1596</load_address>
         <run_address>0x1596</run_address>
         <size>0x49</size>
         <input_file_ref idref="fl-27"/>
      </object_component>
      <object_component id="oc-fa">
         <name>.debug_line</name>
         <load_address>0x15df</load_address>
         <run_address>0x15df</run_address>
         <size>0x62</size>
         <input_file_ref idref="fl-28"/>
      </object_component>
      <object_component id="oc-fe">
         <name>.debug_line</name>
         <load_address>0x1641</load_address>
         <run_address>0x1641</run_address>
         <size>0xc1</size>
         <input_file_ref idref="fl-29"/>
      </object_component>
      <object_component id="oc-102">
         <name>.debug_line</name>
         <load_address>0x1702</load_address>
         <run_address>0x1702</run_address>
         <size>0x9f</size>
         <input_file_ref idref="fl-2a"/>
      </object_component>
      <object_component id="oc-106">
         <name>.debug_line</name>
         <load_address>0x17a1</load_address>
         <run_address>0x17a1</run_address>
         <size>0x46</size>
         <input_file_ref idref="fl-2b"/>
      </object_component>
      <object_component id="oc-10a">
         <name>.debug_line</name>
         <load_address>0x17e7</load_address>
         <run_address>0x17e7</run_address>
         <size>0x5b</size>
         <input_file_ref idref="fl-2c"/>
      </object_component>
      <object_component id="oc-10e">
         <name>.debug_line</name>
         <load_address>0x1842</load_address>
         <run_address>0x1842</run_address>
         <size>0xaa</size>
         <input_file_ref idref="fl-2d"/>
      </object_component>
      <object_component id="oc-112">
         <name>.debug_line</name>
         <load_address>0x18ec</load_address>
         <run_address>0x18ec</run_address>
         <size>0x55</size>
         <input_file_ref idref="fl-2e"/>
      </object_component>
      <object_component id="oc-119">
         <name>.debug_line</name>
         <load_address>0x1941</load_address>
         <run_address>0x1941</run_address>
         <size>0x5b</size>
         <input_file_ref idref="fl-2f"/>
      </object_component>
      <object_component id="oc-11d">
         <name>.debug_line</name>
         <load_address>0x199c</load_address>
         <run_address>0x199c</run_address>
         <size>0x53</size>
         <input_file_ref idref="fl-30"/>
      </object_component>
      <object_component id="oc-122">
         <name>.debug_line</name>
         <load_address>0x19ef</load_address>
         <run_address>0x19ef</run_address>
         <size>0x3e</size>
         <input_file_ref idref="fl-31"/>
      </object_component>
      <object_component id="oc-126">
         <name>.debug_line</name>
         <load_address>0x1a2d</load_address>
         <run_address>0x1a2d</run_address>
         <size>0x4c</size>
         <input_file_ref idref="fl-32"/>
      </object_component>
      <object_component id="oc-12a">
         <name>.debug_line</name>
         <load_address>0x1a79</load_address>
         <run_address>0x1a79</run_address>
         <size>0x4f</size>
         <input_file_ref idref="fl-33"/>
      </object_component>
      <object_component id="oc-12f">
         <name>.debug_line</name>
         <load_address>0x1ac8</load_address>
         <run_address>0x1ac8</run_address>
         <size>0x50</size>
         <input_file_ref idref="fl-34"/>
      </object_component>
      <object_component id="oc-52">
         <name>.debug_abbrev</name>
         <load_address>0x0</load_address>
         <run_address>0x0</run_address>
         <size>0xd5</size>
         <input_file_ref idref="fl-2"/>
      </object_component>
      <object_component id="oc-58">
         <name>.debug_abbrev</name>
         <load_address>0xd5</load_address>
         <run_address>0xd5</run_address>
         <size>0x161</size>
         <input_file_ref idref="fl-3"/>
      </object_component>
      <object_component id="oc-5f">
         <name>.debug_abbrev</name>
         <load_address>0x236</load_address>
         <run_address>0x236</run_address>
         <size>0xea</size>
         <input_file_ref idref="fl-4"/>
      </object_component>
      <object_component id="oc-66">
         <name>.debug_abbrev</name>
         <load_address>0x320</load_address>
         <run_address>0x320</run_address>
         <size>0x87</size>
         <input_file_ref idref="fl-5"/>
      </object_component>
      <object_component id="oc-6a">
         <name>.debug_abbrev</name>
         <load_address>0x3a7</load_address>
         <run_address>0x3a7</run_address>
         <size>0x2c</size>
         <input_file_ref idref="fl-6"/>
      </object_component>
      <object_component id="oc-6f">
         <name>.debug_abbrev</name>
         <load_address>0x3d3</load_address>
         <run_address>0x3d3</run_address>
         <size>0xdb</size>
         <input_file_ref idref="fl-7"/>
      </object_component>
      <object_component id="oc-75">
         <name>.debug_abbrev</name>
         <load_address>0x4ae</load_address>
         <run_address>0x4ae</run_address>
         <size>0x166</size>
         <input_file_ref idref="fl-8"/>
      </object_component>
      <object_component id="oc-7a">
         <name>.debug_abbrev</name>
         <load_address>0x614</load_address>
         <run_address>0x614</run_address>
         <size>0xdb</size>
         <input_file_ref idref="fl-9"/>
      </object_component>
      <object_component id="oc-7f">
         <name>.debug_abbrev</name>
         <load_address>0x6ef</load_address>
         <run_address>0x6ef</run_address>
         <size>0xdb</size>
         <input_file_ref idref="fl-a"/>
      </object_component>
      <object_component id="oc-85">
         <name>.debug_abbrev</name>
         <load_address>0x7ca</load_address>
         <run_address>0x7ca</run_address>
         <size>0x107</size>
         <input_file_ref idref="fl-b"/>
      </object_component>
      <object_component id="oc-8a">
         <name>.debug_abbrev</name>
         <load_address>0x8d1</load_address>
         <run_address>0x8d1</run_address>
         <size>0xbb</size>
         <input_file_ref idref="fl-c"/>
      </object_component>
      <object_component id="oc-bd">
         <name>.debug_abbrev</name>
         <load_address>0x98c</load_address>
         <run_address>0x98c</run_address>
         <size>0xb3</size>
         <input_file_ref idref="fl-d"/>
      </object_component>
      <object_component id="oc-c2">
         <name>.debug_abbrev</name>
         <load_address>0xa3f</load_address>
         <run_address>0xa3f</run_address>
         <size>0x13c</size>
         <input_file_ref idref="fl-e"/>
      </object_component>
      <object_component id="oc-ca">
         <name>.debug_abbrev</name>
         <load_address>0xb7b</load_address>
         <run_address>0xb7b</run_address>
         <size>0x1fe</size>
         <input_file_ref idref="fl-f"/>
      </object_component>
      <object_component id="oc-d0">
         <name>.debug_abbrev</name>
         <load_address>0xd79</load_address>
         <run_address>0xd79</run_address>
         <size>0xf0</size>
         <input_file_ref idref="fl-10"/>
      </object_component>
      <object_component id="oc-d5">
         <name>.debug_abbrev</name>
         <load_address>0xe69</load_address>
         <run_address>0xe69</run_address>
         <size>0x20</size>
         <input_file_ref idref="fl-11"/>
      </object_component>
      <object_component id="oc-da">
         <name>.debug_abbrev</name>
         <load_address>0xe89</load_address>
         <run_address>0xe89</run_address>
         <size>0xfe</size>
         <input_file_ref idref="fl-12"/>
      </object_component>
      <object_component id="oc-de">
         <name>.debug_abbrev</name>
         <load_address>0xf87</load_address>
         <run_address>0xf87</run_address>
         <size>0x2c</size>
         <input_file_ref idref="fl-13"/>
      </object_component>
      <object_component id="oc-e3">
         <name>.debug_abbrev</name>
         <load_address>0xfb3</load_address>
         <run_address>0xfb3</run_address>
         <size>0xcd</size>
         <input_file_ref idref="fl-14"/>
      </object_component>
      <object_component id="oc-e8">
         <name>.debug_abbrev</name>
         <load_address>0x1080</load_address>
         <run_address>0x1080</run_address>
         <size>0xdb</size>
         <input_file_ref idref="fl-15"/>
      </object_component>
      <object_component id="oc-ea">
         <name>.debug_abbrev</name>
         <load_address>0x115b</load_address>
         <run_address>0x115b</run_address>
         <size>0x25</size>
         <input_file_ref idref="fl-16"/>
      </object_component>
      <object_component id="oc-ef">
         <name>.debug_abbrev</name>
         <load_address>0x1180</load_address>
         <run_address>0x1180</run_address>
         <size>0x43</size>
         <input_file_ref idref="fl-26"/>
      </object_component>
      <object_component id="oc-f4">
         <name>.debug_abbrev</name>
         <load_address>0x11c3</load_address>
         <run_address>0x11c3</run_address>
         <size>0x92</size>
         <input_file_ref idref="fl-27"/>
      </object_component>
      <object_component id="oc-fb">
         <name>.debug_abbrev</name>
         <load_address>0x1255</load_address>
         <run_address>0x1255</run_address>
         <size>0x10c</size>
         <input_file_ref idref="fl-28"/>
      </object_component>
      <object_component id="oc-ff">
         <name>.debug_abbrev</name>
         <load_address>0x1361</load_address>
         <run_address>0x1361</run_address>
         <size>0x35</size>
         <input_file_ref idref="fl-29"/>
      </object_component>
      <object_component id="oc-103">
         <name>.debug_abbrev</name>
         <load_address>0x1396</load_address>
         <run_address>0x1396</run_address>
         <size>0x35</size>
         <input_file_ref idref="fl-2a"/>
      </object_component>
      <object_component id="oc-107">
         <name>.debug_abbrev</name>
         <load_address>0x13cb</load_address>
         <run_address>0x13cb</run_address>
         <size>0x43</size>
         <input_file_ref idref="fl-2b"/>
      </object_component>
      <object_component id="oc-10b">
         <name>.debug_abbrev</name>
         <load_address>0x140e</load_address>
         <run_address>0x140e</run_address>
         <size>0x35</size>
         <input_file_ref idref="fl-2c"/>
      </object_component>
      <object_component id="oc-10f">
         <name>.debug_abbrev</name>
         <load_address>0x1443</load_address>
         <run_address>0x1443</run_address>
         <size>0x35</size>
         <input_file_ref idref="fl-2d"/>
      </object_component>
      <object_component id="oc-113">
         <name>.debug_abbrev</name>
         <load_address>0x1478</load_address>
         <run_address>0x1478</run_address>
         <size>0x35</size>
         <input_file_ref idref="fl-2e"/>
      </object_component>
      <object_component id="oc-11a">
         <name>.debug_abbrev</name>
         <load_address>0x14ad</load_address>
         <run_address>0x14ad</run_address>
         <size>0xa9</size>
         <input_file_ref idref="fl-2f"/>
      </object_component>
      <object_component id="oc-11e">
         <name>.debug_abbrev</name>
         <load_address>0x1556</load_address>
         <run_address>0x1556</run_address>
         <size>0x35</size>
         <input_file_ref idref="fl-30"/>
      </object_component>
      <object_component id="oc-123">
         <name>.debug_abbrev</name>
         <load_address>0x158b</load_address>
         <run_address>0x158b</run_address>
         <size>0x94</size>
         <input_file_ref idref="fl-31"/>
      </object_component>
      <object_component id="oc-127">
         <name>.debug_abbrev</name>
         <load_address>0x161f</load_address>
         <run_address>0x161f</run_address>
         <size>0x35</size>
         <input_file_ref idref="fl-32"/>
      </object_component>
      <object_component id="oc-12b">
         <name>.debug_abbrev</name>
         <load_address>0x1654</load_address>
         <run_address>0x1654</run_address>
         <size>0x35</size>
         <input_file_ref idref="fl-33"/>
      </object_component>
      <object_component id="oc-130">
         <name>.debug_abbrev</name>
         <load_address>0x1689</load_address>
         <run_address>0x1689</run_address>
         <size>0xed</size>
         <input_file_ref idref="fl-34"/>
      </object_component>
      <object_component id="oc-185">
         <name>.debug_abbrev</name>
         <load_address>0x1776</load_address>
         <run_address>0x1776</run_address>
         <size>0xd</size>
      </object_component>
   </object_component_list>
   <logical_group_list>
      <logical_group id="lg-2" display="no" color="cyan">
         <name>codestart</name>
         <load_address>0x0</load_address>
         <run_address>0x0</run_address>
         <size>0x2</size>
         <contents>
            <object_component_ref idref="oc-d2"/>
         </contents>
      </logical_group>
      <logical_group id="lg-3" display="no" color="cyan">
         <name>ramfuncs</name>
         <load_address>0x8050</load_address>
         <run_address>0x8050</run_address>
         <size>0x1f</size>
         <contents>
            <object_component_ref idref="oc-72"/>
            <object_component_ref idref="oc-67"/>
         </contents>
      </logical_group>
      <logical_group id="lg-4" display="no" color="cyan">
         <name>.text</name>
         <load_address>0x9000</load_address>
         <run_address>0x9000</run_address>
         <size>0x1101</size>
         <contents>
            <object_component_ref idref="oc-c7"/>
            <object_component_ref idref="oc-53"/>
            <object_component_ref idref="oc-be"/>
            <object_component_ref idref="oc-6b"/>
            <object_component_ref idref="oc-70"/>
            <object_component_ref idref="oc-59"/>
            <object_component_ref idref="oc-fc"/>
            <object_component_ref idref="oc-4c"/>
            <object_component_ref idref="oc-10c"/>
            <object_component_ref idref="oc-100"/>
            <object_component_ref idref="oc-cb"/>
            <object_component_ref idref="oc-f0"/>
            <object_component_ref idref="oc-4b"/>
            <object_component_ref idref="oc-7b"/>
            <object_component_ref idref="oc-76"/>
            <object_component_ref idref="oc-e4"/>
            <object_component_ref idref="oc-86"/>
            <object_component_ref idref="oc-108"/>
            <object_component_ref idref="oc-80"/>
            <object_component_ref idref="oc-df"/>
            <object_component_ref idref="oc-110"/>
            <object_component_ref idref="oc-11b"/>
            <object_component_ref idref="oc-60"/>
            <object_component_ref idref="oc-11f"/>
            <object_component_ref idref="oc-12c"/>
            <object_component_ref idref="oc-f5"/>
            <object_component_ref idref="oc-128"/>
            <object_component_ref idref="oc-d6"/>
            <object_component_ref idref="oc-c3"/>
            <object_component_ref idref="oc-104"/>
            <object_component_ref idref="oc-124"/>
            <object_component_ref idref="oc-114"/>
            <object_component_ref idref="oc-d1"/>
         </contents>
      </logical_group>
      <logical_group id="lg-5" display="no" color="cyan">
         <name>.cinit</name>
         <load_address>0x8000</load_address>
         <run_address>0x8000</run_address>
         <size>0x50</size>
         <contents>
            <object_component_ref idref="oc-4e"/>
            <object_component_ref idref="oc-c5"/>
            <object_component_ref idref="oc-116"/>
            <object_component_ref idref="oc-f7"/>
            <object_component_ref idref="oc-62"/>
         </contents>
      </logical_group>
      <logical_group id="lg-6" display="no" color="cyan">
         <name>.pinit</name>
         <run_address>0x0</run_address>
         <size>0x0</size>
         <contents>
         </contents>
      </logical_group>
      <logical_group id="lg-7" display="no" color="cyan">
         <name>.switch</name>
         <run_address>0x0</run_address>
         <size>0x0</size>
         <contents>
         </contents>
      </logical_group>
      <logical_group id="lg-8" display="no" color="cyan">
         <name>.stack</name>
         <run_address>0x400</run_address>
         <size>0x300</size>
         <contents>
            <object_component_ref idref="oc-eb"/>
            <object_component_ref idref="oc-183"/>
         </contents>
      </logical_group>
      <logical_group id="lg-9" display="no" color="cyan">
         <name>.ebss</name>
         <run_address>0xc000</run_address>
         <size>0x3d0</size>
         <contents>
            <object_component_ref idref="oc-4f"/>
            <object_component_ref idref="oc-55"/>
            <object_component_ref idref="oc-63"/>
            <object_component_ref idref="oc-c6"/>
            <object_component_ref idref="oc-cd"/>
            <object_component_ref idref="oc-f8"/>
            <object_component_ref idref="oc-117"/>
         </contents>
      </logical_group>
      <logical_group id="lg-a" display="no" color="cyan">
         <name>.econst</name>
         <load_address>0xd000</load_address>
         <run_address>0xd000</run_address>
         <size>0x104</size>
         <contents>
            <object_component_ref idref="oc-82"/>
            <object_component_ref idref="oc-5c"/>
         </contents>
      </logical_group>
      <logical_group id="lg-b" display="no" color="cyan">
         <name>.esysmem</name>
         <run_address>0x0</run_address>
         <size>0x0</size>
         <contents>
         </contents>
      </logical_group>
      <logical_group id="lg-c" display="no" color="cyan">
         <name>IQmath</name>
         <run_address>0x0</run_address>
         <size>0x0</size>
         <contents>
         </contents>
      </logical_group>
      <logical_group id="lg-d" display="no" color="cyan">
         <name>IQmathTables</name>
         <run_address>0x0</run_address>
         <size>0x0</size>
         <contents>
         </contents>
      </logical_group>
      <logical_group id="lg-e" display="no" color="cyan">
         <name>FPUmathTables</name>
         <run_address>0x0</run_address>
         <size>0x0</size>
         <contents>
         </contents>
      </logical_group>
      <logical_group id="lg-f" display="no" color="cyan">
         <name>DMARAML4</name>
         <run_address>0x0</run_address>
         <size>0x0</size>
         <contents>
         </contents>
      </logical_group>
      <logical_group id="lg-10" display="no" color="cyan">
         <name>DMARAML5</name>
         <run_address>0x0</run_address>
         <size>0x0</size>
         <contents>
         </contents>
      </logical_group>
      <logical_group id="lg-11" display="no" color="cyan">
         <name>DMARAML6</name>
         <run_address>0x0</run_address>
         <size>0x0</size>
         <contents>
         </contents>
      </logical_group>
      <logical_group id="lg-12" display="no" color="cyan">
         <name>DMARAML7</name>
         <run_address>0x0</run_address>
         <size>0x0</size>
         <contents>
         </contents>
      </logical_group>
      <logical_group id="lg-13" display="no" color="cyan">
         <name>ZONE6DATA</name>
         <run_address>0x100000</run_address>
         <size>0x3ee4</size>
         <contents>
            <object_component_ref idref="oc-5b"/>
         </contents>
      </logical_group>
      <logical_group id="lg-14" display="no" color="cyan">
         <name>ZONE7DATA</name>
         <run_address>0x0</run_address>
         <size>0x0</size>
         <contents>
         </contents>
      </logical_group>
      <logical_group id="lg-15" display="no" color="cyan">
         <name>.reset</name>
         <load_address>0x3fffc0</load_address>
         <run_address>0x3fffc0</run_address>
         <size>0x2</size>
         <contents>
            <object_component_ref idref="oc-ec"/>
         </contents>
      </logical_group>
      <logical_group id="lg-16" display="no" color="cyan">
         <name>csm_rsvd</name>
         <run_address>0x33ff80</run_address>
         <size>0x0</size>
         <contents>
         </contents>
      </logical_group>
      <logical_group id="lg-17" display="no" color="cyan">
         <name>csmpasswds</name>
         <run_address>0x33fff8</run_address>
         <size>0x0</size>
         <contents>
         </contents>
      </logical_group>
      <logical_group id="lg-18" display="no" color="cyan">
         <name>.adc_cal</name>
         <load_address>0x380080</load_address>
         <run_address>0x380080</run_address>
         <size>0x7</size>
         <contents>
            <object_component_ref idref="oc-db"/>
         </contents>
      </logical_group>
      <logical_group id="lg-19" display="no" color="cyan">
         <name>PieVectTableFile</name>
         <run_address>0xd00</run_address>
         <size>0x100</size>
         <contents>
            <object_component_ref idref="oc-bc"/>
         </contents>
      </logical_group>
      <logical_group id="lg-1a" display="no" color="cyan">
         <name>DevEmuRegsFile</name>
         <run_address>0x880</run_address>
         <size>0xd0</size>
         <contents>
            <object_component_ref idref="oc-b8"/>
         </contents>
      </logical_group>
      <logical_group id="lg-1b" display="no" color="cyan">
         <name>FlashRegsFile</name>
         <run_address>0xa80</run_address>
         <size>0x8</size>
         <contents>
            <object_component_ref idref="oc-8e"/>
         </contents>
      </logical_group>
      <logical_group id="lg-1c" display="no" color="cyan">
         <name>CsmRegsFile</name>
         <run_address>0xae0</run_address>
         <size>0x10</size>
         <contents>
            <object_component_ref idref="oc-98"/>
         </contents>
      </logical_group>
      <logical_group id="lg-1d" display="no" color="cyan">
         <name>AdcMirrorFile</name>
         <run_address>0xb00</run_address>
         <size>0x10</size>
         <contents>
            <object_component_ref idref="oc-97"/>
         </contents>
      </logical_group>
      <logical_group id="lg-1e" display="no" color="cyan">
         <name>XintfRegsFile</name>
         <run_address>0xb20</run_address>
         <size>0x1e</size>
         <contents>
            <object_component_ref idref="oc-9b"/>
         </contents>
      </logical_group>
      <logical_group id="lg-1f" display="no" color="cyan">
         <name>CpuTimer0RegsFile</name>
         <run_address>0xc00</run_address>
         <size>0x8</size>
         <contents>
            <object_component_ref idref="oc-8f"/>
         </contents>
      </logical_group>
      <logical_group id="lg-20" display="no" color="cyan">
         <name>CpuTimer1RegsFile</name>
         <run_address>0xc08</run_address>
         <size>0x8</size>
         <contents>
            <object_component_ref idref="oc-8d"/>
         </contents>
      </logical_group>
      <logical_group id="lg-21" display="no" color="cyan">
         <name>CpuTimer2RegsFile</name>
         <run_address>0xc10</run_address>
         <size>0x8</size>
         <contents>
            <object_component_ref idref="oc-8c"/>
         </contents>
      </logical_group>
      <logical_group id="lg-22" display="no" color="cyan">
         <name>PieCtrlRegsFile</name>
         <run_address>0xce0</run_address>
         <size>0x1a</size>
         <contents>
            <object_component_ref idref="oc-99"/>
         </contents>
      </logical_group>
      <logical_group id="lg-23" display="no" color="cyan">
         <name>DmaRegsFile</name>
         <run_address>0x1000</run_address>
         <size>0xe0</size>
         <contents>
            <object_component_ref idref="oc-b9"/>
         </contents>
      </logical_group>
      <logical_group id="lg-24" display="no" color="cyan">
         <name>McbspaRegsFile</name>
         <run_address>0x5000</run_address>
         <size>0x25</size>
         <contents>
            <object_component_ref idref="oc-ab"/>
         </contents>
      </logical_group>
      <logical_group id="lg-25" display="no" color="cyan">
         <name>McbspbRegsFile</name>
         <run_address>0x5040</run_address>
         <size>0x25</size>
[...]
         <name>_EPWM6_INT_ISR</name>
         <value>0x93c2</value>
         <object_component_ref idref="oc-c7"/>
      </symbol>
      <symbol id="sm-2a6">
         <name>_DATALOG_ISR</name>
         <value>0x9014</value>
         <object_component_ref idref="oc-c7"/>
      </symbol>
      <symbol id="sm-2a7">
         <name>_SPITXINTA_ISR</name>
         <value>0x9426</value>
         <object_component_ref idref="oc-c7"/>
      </symbol>
      <symbol id="sm-2a8">
         <name>_SPIRXINTA_ISR</name>
         <value>0x941c</value>
         <object_component_ref idref="oc-c7"/>
      </symbol>
      <symbol id="sm-2a9">
         <name>_DINTCH3_ISR</name>
         <value>0x946c</value>
         <object_component_ref idref="oc-c7"/>
      </symbol>
      <symbol id="sm-2aa">
         <name>_XINT4_ISR</name>
         <value>0x958a</value>
         <object_component_ref idref="oc-c7"/>
      </symbol>
      <symbol id="sm-2ab">
         <name>_SEQ1INT_ISR</name>
         <value>0x90be</value>
         <object_component_ref idref="oc-c7"/>
      </symbol>
      <symbol id="sm-2ac">
         <name>_ECAP3_INT_ISR</name>
         <value>0x93e0</value>
         <object_component_ref idref="oc-c7"/>
      </symbol>
      <symbol id="sm-2ad">
         <name>_INT13_ISR</name>
         <value>0x9000</value>
         <object_component_ref idref="oc-c7"/>
      </symbol>
      <symbol id="sm-2ae">
         <name>_MXINTA_ISR</name>
         <value>0x944e</value>
         <object_component_ref idref="oc-c7"/>
      </symbol>
      <symbol id="sm-2af">
         <name>_EPWM4_INT_ISR</name>
         <value>0x93ae</value>
         <object_component_ref idref="oc-c7"/>
      </symbol>
      <symbol id="sm-2b0">
         <name>_USER5_ISR</name>
         <value>0x906e</value>
         <object_component_ref idref="oc-c7"/>
      </symbol>
      <symbol id="sm-2b1">
         <name>_XINT7_ISR</name>
         <value>0x95a8</value>
         <object_component_ref idref="oc-c7"/>
      </symbol>
      <symbol id="sm-2b2">
         <name>_EMPTY_ISR</name>
         <value>0x95c6</value>
         <object_component_ref idref="oc-c7"/>
      </symbol>
      <symbol id="sm-2b3">
         <name>_EPWM5_TZINT_ISR</name>
         <value>0x937c</value>
         <object_component_ref idref="oc-c7"/>
      </symbol>
      <symbol id="sm-2b4">
         <name>_Can_cmd</name>
         <value>0xc3c1</value>
         <object_component_ref idref="oc-c6"/>
      </symbol>
      <symbol id="sm-2b5">
         <name>_EPWM4_TZINT_ISR</name>
         <value>0x9372</value>
         <object_component_ref idref="oc-c7"/>
      </symbol>
      <symbol id="sm-2b6">
         <name>_ECAN0INTA_ISR</name>
         <value>0x94e4</value>
         <object_component_ref idref="oc-c7"/>
      </symbol>
      <symbol id="sm-2b7">
         <name>_spi_err</name>
         <value>0xc3c4</value>
         <object_component_ref idref="oc-c6"/>
      </symbol>
      <symbol id="sm-2b8">
         <name>_EPWM6_TZINT_ISR</name>
         <value>0x9386</value>
         <object_component_ref idref="oc-c7"/>
      </symbol>
      <symbol id="sm-2b9">
         <name>_EMUINT_ISR</name>
         <value>0x9028</value>
         <object_component_ref idref="oc-c7"/>
      </symbol>
      <symbol id="sm-2ba">
         <name>_ECAP1_INT_ISR</name>
         <value>0x93cc</value>
         <object_component_ref idref="oc-c7"/>
      </symbol>
      <symbol id="sm-2bb">
         <name>_EPWM1_TZINT_ISR</name>
         <value>0x9354</value>
         <object_component_ref idref="oc-c7"/>
      </symbol>
      <symbol id="sm-2bc">
         <name>_vel1</name>
         <value>0xc3c0</value>
         <object_component_ref idref="oc-c6"/>
      </symbol>
      <symbol id="sm-2bd">
         <name>_EQEP2_INT_ISR</name>
         <value>0x9412</value>
         <object_component_ref idref="oc-c7"/>
      </symbol>
      <symbol id="sm-2be">
         <name>_USER11_ISR</name>
         <value>0x90aa</value>
         <object_component_ref idref="oc-c7"/>
      </symbol>
      <symbol id="sm-2bf">
         <name>_EPWM3_TZINT_ISR</name>
         <value>0x9368</value>
         <object_component_ref idref="oc-c7"/>
      </symbol>
      <symbol id="sm-2c0">
         <name>_USER4_ISR</name>
         <value>0x9064</value>
         <object_component_ref idref="oc-c7"/>
      </symbol>
      <symbol id="sm-2c1">
         <name>_EPWM2_TZINT_ISR</name>
         <value>0x935e</value>
         <object_component_ref idref="oc-c7"/>
      </symbol>
      <symbol id="sm-2c2">
         <name>_XINT6_ISR</name>
         <value>0x959e</value>
         <object_component_ref idref="oc-c7"/>
      </symbol>
      <symbol id="sm-2c3">
         <name>_EPWM2_INT_ISR</name>
         <value>0x939a</value>
         <object_component_ref idref="oc-c7"/>
      </symbol>
      <symbol id="sm-2c4">
         <name>_ECAN0INTB_ISR</name>
         <value>0x94f8</value>
         <object_component_ref idref="oc-c7"/>
      </symbol>
      <symbol id="sm-2c5">
         <name>_TINT0_ISR</name>
         <value>0x90f3</value>
         <object_component_ref idref="oc-c7"/>
      </symbol>
      <symbol id="sm-2c6">
         <name>_WAKEINT_ISR</name>
         <value>0x934a</value>
         <object_component_ref idref="oc-c7"/>
      </symbol>
      <symbol id="sm-2c7">
         <name>_DINTCH4_ISR</name>
         <value>0x9476</value>
         <object_component_ref idref="oc-c7"/>
      </symbol>
      <symbol id="sm-2c8">
         <name>_USER10_ISR</name>
         <value>0x90a0</value>
         <object_component_ref idref="oc-c7"/>
      </symbol>
      <symbol id="sm-2c9">
         <name>_USER7_ISR</name>
         <value>0x9082</value>
         <object_component_ref idref="oc-c7"/>
      </symbol>
      <symbol id="sm-2ca">
         <name>_XINT1_ISR</name>
         <value>0x90d5</value>
         <object_component_ref idref="oc-c7"/>
      </symbol>
      <symbol id="sm-2cb">
         <name>_ECAP6_INT_ISR</name>
         <value>0x93fe</value>
         <object_component_ref idref="oc-c7"/>
      </symbol>
      <symbol id="sm-2cc">
         <name>_INT14_ISR</name>
         <value>0x900a</value>
         <object_component_ref idref="oc-c7"/>
      </symbol>
      <symbol id="sm-2cd">
         <name>_MXINTB_ISR</name>
         <value>0x943a</value>
         <object_component_ref idref="oc-c7"/>
      </symbol>
      <symbol id="sm-2ce">
         <name>_DINTCH5_ISR</name>
         <value>0x9480</value>
         <object_component_ref idref="oc-c7"/>
      </symbol>
      <symbol id="sm-2cf">
         <name>_USER6_ISR</name>
         <value>0x9078</value>
         <object_component_ref idref="oc-c7"/>
      </symbol>
      <symbol id="sm-2d0">
         <name>_Init_pos</name>
         <value>0xc3c5</value>
         <object_component_ref idref="oc-c6"/>
      </symbol>
      <symbol id="sm-2d1">
         <name>_m_kp</name>
         <value>0xc3c8</value>
         <object_component_ref idref="oc-c6"/>
      </symbol>
      <symbol id="sm-2d2">
         <name>_m_ki</name>
         <value>0xc3c6</value>
         <object_component_ref idref="oc-c6"/>
      </symbol>
      <symbol id="sm-2d3">
         <name>_ECAP4_INT_ISR</name>
         <value>0x93ea</value>
         <object_component_ref idref="oc-c7"/>
      </symbol>
      <symbol id="sm-2d4">
         <name>_MRINTA_ISR</name>
         <value>0x9444</value>
         <object_component_ref idref="oc-c7"/>
      </symbol>
      <symbol id="sm-2d5">
         <name>_DINTCH6_ISR</name>
         <value>0x948a</value>
         <object_component_ref idref="oc-c7"/>
      </symbol>
      <symbol id="sm-2d6">
         <name>_USER12_ISR</name>
         <value>0x90b4</value>
         <object_component_ref idref="oc-c7"/>
      </symbol>
      <symbol id="sm-2d7">
         <name>_ADCINT_ISR</name>
         <value>0x90e9</value>
         <object_component_ref idref="oc-c7"/>
      </symbol>
      <symbol id="sm-2d8">
         <name>_USER1_ISR</name>
         <value>0x9046</value>
         <object_component_ref idref="oc-c7"/>
      </symbol>
      <symbol id="sm-2d9">
         <name>_XINT3_ISR</name>
         <value>0x9580</value>
         <object_component_ref idref="oc-c7"/>
      </symbol>
      <symbol id="sm-2da">
         <name>_EPWM5_INT_ISR</name>
         <value>0x93b8</value>
         <object_component_ref idref="oc-c7"/>
      </symbol>
      <symbol id="sm-2db">
         <name>_NMI_ISR</name>
         <value>0x9032</value>
         <object_component_ref idref="oc-c7"/>
      </symbol>
      <symbol id="sm-2dc">
         <name>_SCITXINTB_ISR</name>
         <value>0x94da</value>
         <object_component_ref idref="oc-c7"/>
      </symbol>
      <symbol id="sm-2dd">
         <name>_SCIRXINTB_ISR</name>
         <value>0x94d0</value>
         <object_component_ref idref="oc-c7"/>
      </symbol>
      <symbol id="sm-2de">
         <name>_ECAN1INTA_ISR</name>
         <value>0x94ee</value>
         <object_component_ref idref="oc-c7"/>
      </symbol>
      <symbol id="sm-2df">
         <name>_adjust</name>
         <value>0xc3c3</value>
         <object_component_ref idref="oc-c6"/>
      </symbol>
      <symbol id="sm-2e0">
         <name>_ECAP2_INT_ISR</name>
         <value>0x93d6</value>
         <object_component_ref idref="oc-c7"/>
      </symbol>
      <symbol id="sm-2e1">
         <name>_PIE_RESERVED</name>
         <value>0x95d3</value>
         <object_component_ref idref="oc-c7"/>
      </symbol>
      <symbol id="sm-2e2">
         <name>_I2CINT1A_ISR</name>
         <value>0x9494</value>
         <object_component_ref idref="oc-c7"/>
      </symbol>
      <symbol id="sm-2e3">
         <name>_XINT2_ISR</name>
         <value>0x90df</value>
         <object_component_ref idref="oc-c7"/>
      </symbol>
      <symbol id="sm-2e4">
         <name>_I2CINT2A_ISR</name>
         <value>0x949e</value>
         <object_component_ref idref="oc-c7"/>
      </symbol>
      <symbol id="sm-2e5">
         <name>_SCITXINTC_ISR</name>
         <value>0x94b2</value>
         <object_component_ref idref="oc-c7"/>
      </symbol>
      <symbol id="sm-2e6">
         <name>_SCIRXINTC_ISR</name>
         <value>0x94a8</value>
         <object_component_ref idref="oc-c7"/>
      </symbol>
      <symbol id="sm-2e7">
         <name>_RTOSINT_ISR</name>
         <value>0x901e</value>
         <object_component_ref idref="oc-c7"/>
      </symbol>
      <symbol id="sm-2e8">
         <name>_EPWM3_INT_ISR</name>
         <value>0x93a4</value>
         <object_component_ref idref="oc-c7"/>
      </symbol>
      <symbol id="sm-2e9">
         <name>_ECAN1INTB_ISR</name>
         <value>0x9576</value>
         <object_component_ref idref="oc-c7"/>
      </symbol>
      <symbol id="sm-2ea">
         <name>_USER9_ISR</name>
         <value>0x9096</value>
         <object_component_ref idref="oc-c7"/>
      </symbol>
      <symbol id="sm-2eb">
         <name>_USER3_ISR</name>
         <value>0x905a</value>
         <object_component_ref idref="oc-c7"/>
      </symbol>
      <symbol id="sm-2ec">
         <name>_EQEP1_INT_ISR</name>
         <value>0x9408</value>
         <object_component_ref idref="oc-c7"/>
      </symbol>
      <symbol id="sm-2ed">
         <name>_MRINTB_ISR</name>
         <value>0x9430</value>
         <object_component_ref idref="oc-c7"/>
      </symbol>
      <symbol id="sm-2ee">
         <name>_DINTCH1_ISR</name>
         <value>0x9458</value>
         <object_component_ref idref="oc-c7"/>
      </symbol>
      <symbol id="sm-2ef">
         <name>_USER8_ISR</name>
         <value>0x908c</value>
         <object_component_ref idref="oc-c7"/>
      </symbol>
      <symbol id="sm-2f0">
         <name>_EPWM1_INT_ISR</name>
         <value>0x9390</value>
         <object_component_ref idref="oc-c7"/>
      </symbol>
      <symbol id="sm-2f1">
         <name>_SEQ2INT_ISR</name>
         <value>0x90cb</value>
         <object_component_ref idref="oc-c7"/>
      </symbol>
      <symbol id="sm-2f2">
         <name>_USER2_ISR</name>
         <value>0x9050</value>
         <object_component_ref idref="oc-c7"/>
      </symbol>
      <symbol id="sm-2f3">
         <name>_LUF_ISR</name>
         <value>0x95bc</value>
         <object_component_ref idref="oc-c7"/>
      </symbol>
      <symbol id="sm-2f4">
         <name>_LVF_ISR</name>
         <value>0x95b2</value>
         <object_component_ref idref="oc-c7"/>
      </symbol>
      <symbol id="sm-2f5">
         <name>_point</name>
         <value>0xc3c2</value>
         <object_component_ref idref="oc-c6"/>
      </symbol>
      <symbol id="sm-2f6">
         <name>_SCITXINTA_ISR</name>
         <value>0x94c6</value>
         <object_component_ref idref="oc-c7"/>
      </symbol>
      <symbol id="sm-2f7">
         <name>_SCIRXINTA_ISR</name>
         <value>0x94bc</value>
         <object_component_ref idref="oc-c7"/>
      </symbol>
      <symbol id="sm-2f8">
         <name>_rsvd_ISR</name>
         <value>0x95dd</value>
         <object_component_ref idref="oc-c7"/>
      </symbol>
      <symbol id="sm-2f9">
         <name>_ECAP5_INT_ISR</name>
         <value>0x93f4</value>
         <object_component_ref idref="oc-c7"/>
      </symbol>
      <symbol id="sm-2fa">
         <name>_DINTCH2_ISR</name>
         <value>0x9462</value>
         <object_component_ref idref="oc-c7"/>
      </symbol>
      <symbol id="sm-2fb">
         <name>_XINT5_ISR</name>
         <value>0x9594</value>
         <object_component_ref idref="oc-c7"/>
      </symbol>
      <symbol id="sm-307">
         <name>_CpuTimer2</name>
         <value>0xc36c</value>
         <object_component_ref idref="oc-cd"/>
      </symbol>
      <symbol id="sm-308">
         <name>_CpuTimer0</name>
         <value>0xc374</value>
         <object_component_ref idref="oc-cd"/>
      </symbol>
      <symbol id="sm-309">
         <name>_CpuTimer1</name>
         <value>0xc364</value>
         <object_component_ref idref="oc-cd"/>
      </symbol>
      <symbol id="sm-30a">
         <name>_InitCpuTimers</name>
         <value>0x9d95</value>
         <object_component_ref idref="oc-cb"/>
      </symbol>
      <symbol id="sm-30b">
         <name>_ConfigCpuTimer</name>
         <value>0x9dd6</value>
         <object_component_ref idref="oc-cb"/>
      </symbol>
      <symbol id="sm-316">
         <name>code_start</name>
         <value>0x0</value>
         <object_component_ref idref="oc-d2"/>
      </symbol>
      <symbol id="sm-320">
         <name>_InitAdc</name>
         <value>0xa0b0</value>
         <object_component_ref idref="oc-d6"/>
      </symbol>
      <symbol id="sm-328">
         <name>_ADC_cal</name>
         <value>0x380080</value>
         <object_component_ref idref="oc-db"/>
      </symbol>
      <symbol id="sm-332">
         <name>_InitEQepGpio</name>
         <value>0x9fee</value>
         <object_component_ref idref="oc-df"/>
      </symbol>
      <symbol id="sm-333">
         <name>_InitEQep</name>
         <value>0x9fdc</value>
         <object_component_ref idref="oc-df"/>
      </symbol>
      <symbol id="sm-33d">
         <name>_InitEPwmGpio</name>
         <value>0x9f65</value>
         <object_component_ref idref="oc-e4"/>
      </symbol>
      <symbol id="sm-33e">
         <name>_InitEPwm</name>
         <value>0x9f3f</value>
         <object_component_ref idref="oc-e4"/>
      </symbol>
      <symbol id="sm-355">
         <name>_c_int00</name>
         <value>0x9e72</value>
         <object_component_ref idref="oc-4b"/>
      </symbol>
      <symbol id="sm-356">
         <name>__stack</name>
         <value>0x400</value>
         <object_component_ref idref="oc-eb"/>
      </symbol>
      <symbol id="sm-362">
         <name>_cos</name>
         <value>0x9e11</value>
         <object_component_ref idref="oc-f0"/>
      </symbol>
      <symbol id="sm-373">
         <name>C$$EXIT</name>
         <value>0xa080</value>
         <object_component_ref idref="oc-f5"/>
      </symbol>
      <symbol id="sm-374">
         <name>_exit</name>
         <value>0xa082</value>
         <object_component_ref idref="oc-f5"/>
      </symbol>
      <symbol id="sm-375">
         <name>___TI_cleanup_ptr</name>
         <value>0xc3ca</value>
         <object_component_ref idref="oc-f8"/>
      </symbol>
      <symbol id="sm-376">
         <name>_abort</name>
         <value>0xa080</value>
         <object_component_ref idref="oc-f5"/>
      </symbol>
      <symbol id="sm-377">
         <name>___TI_dtors_ptr</name>
         <value>0xc3cc</value>
         <object_component_ref idref="oc-f8"/>
      </symbol>
      <symbol id="sm-38e">
         <name>FD$$ADD</name>
         <value>0x9b61</value>
         <object_component_ref idref="oc-fc"/>
      </symbol>
      <symbol id="sm-39c">
         <name>FD$$MPY</name>
         <value>0x9d12</value>
         <object_component_ref idref="oc-100"/>
      </symbol>
      <symbol id="sm-3a4">
         <name>FD$$SUB</name>
         <value>0xa0d7</value>
         <object_component_ref idref="oc-104"/>
      </symbol>
      <symbol id="sm-3b0">
         <name>FD$$TOFS</name>
         <value>0x9f99</value>
         <object_component_ref idref="oc-108"/>
      </symbol>
      <symbol id="sm-3bd">
         <name>FS$$DIV</name>
         <value>0x9c8a</value>
         <object_component_ref idref="oc-10c"/>
      </symbol>
      <symbol id="sm-3c9">
         <name>FS$$TOFD</name>
         <value>0x9ffb</value>
         <object_component_ref idref="oc-110"/>
      </symbol>
      <symbol id="sm-3d7">
         <name>__unlock</name>
         <value>0xc37c</value>
         <object_component_ref idref="oc-117"/>
      </symbol>
      <symbol id="sm-3d8">
         <name>__lock</name>
         <value>0xc37e</value>
         <object_component_ref idref="oc-117"/>
      </symbol>
      <symbol id="sm-3d9">
         <name>__register_lock</name>
         <value>0xa0f4</value>
         <object_component_ref idref="oc-114"/>
      </symbol>
      <symbol id="sm-3da">
         <name>__nop</name>
         <value>0xa0f8</value>
         <object_component_ref idref="oc-114"/>
      </symbol>
      <symbol id="sm-3db">
         <name>__register_unlock</name>
         <value>0xa0f0</value>
         <object_component_ref idref="oc-114"/>
      </symbol>
      <symbol id="sm-3e7">
         <name>L$$TOFD</name>
         <value>0xa017</value>
         <object_component_ref idref="oc-11b"/>
      </symbol>
      <symbol id="sm-3f4">
         <name>_modf</name>
         <value>0xa04d</value>
         <object_component_ref idref="oc-11f"/>
      </symbol>
      <symbol id="sm-3fc">
         <name>U$$MOD</name>
         <value>0xa0ea</value>
         <object_component_ref idref="oc-124"/>
      </symbol>
      <symbol id="sm-3fd">
         <name>U$$DIV</name>
         <value>0xa0e5</value>
         <object_component_ref idref="oc-124"/>
      </symbol>
      <symbol id="sm-40a">
         <name>U$$TOFD</name>
         <value>0xa099</value>
         <object_component_ref idref="oc-128"/>
      </symbol>
      <symbol id="sm-416">
         <name>__args_main</name>
         <value>0xa067</value>
         <object_component_ref idref="oc-12c"/>
      </symbol>
      <symbol id="sm-417">
         <name>__TI_args_main</name>
         <value>0x1</value>
      </symbol>
   </symbol_table>
   <title>Link successful</title>
</link_info>
