******************************************************************************
             TMS320C2000 Linker PC v6.2.0                      
******************************************************************************
>> Linked Mon Sep 19 15:02:59 2016

OUTPUT FILE NAME:   <motor_final.out>
ENTRY POINT SYMBOL: "_c_int00"  address: 00009e72


MEMORY CONFIGURATION

         name            origin    length      used     unused   attr    fill
----------------------  --------  ---------  --------  --------  ----  --------
PAGE 0:
  BEGIN                 00000000   00000002  00000002  00000000  RWIX
  RAMM0                 00000050   000003b0  00000000  000003b0  RWIX
  RAML0                 00008000   00001000  0000006f  00000f91  RWIX
  RAML1                 00009000   00003000  00001101  00001eff  RWIX
  ZONE7A                00200000   0000fc00  00000000  0000fc00  RWIX
  CSM_RSVD              0033ff80   00000076  00000000  00000076  RWIX
  CSM_PWL               0033fff8   00000008  00000000  00000008  RWIX
  ADC_CAL               00380080   00000009  00000007  00000002  RWIX
  IQTABLES              003fe000   00000b50  00000000  00000b50  RWIX
  IQTABLES2             003feb50   0000008c  00000000  0000008c  RWIX
  FPUTABLES             003febdc   000006a0  00000000  000006a0  RWIX
  BOOTROM               003ff27c   00000d44  00000000  00000d44  RWIX
  RESET                 003fffc0   00000002  00000000  00000002  RWIX

PAGE 1:
  BOOT_RSVD             00000002   0000004e  00000000  0000004e  RWIX
  RAMM1                 00000400   00000400  00000300  00000100  RWIX
  DEV_EMU               00000880   00000180  000000d0  000000b0  RWIX
  FLASH_REGS            00000a80   00000060  00000008  00000058  RWIX
  CSM                   00000ae0   00000010  00000010  00000000  RWIX
  ADC_MIRROR            00000b00   00000010  00000010  00000000  RWIX
  XINTF                 00000b20   00000020  0000001e  00000002  RWIX
  CPU_TIMER0            00000c00   00000008  00000008  00000000  RWIX
  CPU_TIMER1            00000c08   00000008  00000008  00000000  RWIX
  CPU_TIMER2            00000c10   00000008  00000008  00000000  RWIX
  PIE_CTRL              00000ce0   00000020  0000001a  00000006  RWIX
  PIE_VECT              00000d00   00000100  00000100  00000000  RWIX
  DMA                   00001000   00000200  000000e0  00000120  RWIX
  MCBSPA                00005000   00000040  00000025  0000001b  RWIX
  MCBSPB                00005040   00000040  00000025  0000001b  RWIX
  ECANA                 00006000   00000040  00000034  0000000c  RWIX
  ECANA_LAM             00006040   00000040  00000040  00000000  RWIX
  ECANA_MOTS            00006080   00000040  00000040  00000000  RWIX
  ECANA_MOTO            000060c0   00000040  00000040  00000000  RWIX
  ECANA_MBOX            00006100   00000100  00000100  00000000  RWIX
  ECANB                 00006200   00000040  00000034  0000000c  RWIX
  ECANB_LAM             00006240   00000040  00000040  00000000  RWIX
  ECANB_MOTS            00006280   00000040  00000040  00000000  RWIX
  ECANB_MOTO            000062c0   00000040  00000040  00000000  RWIX
  ECANB_MBOX            00006300   00000100  00000100  00000000  RWIX
  EPWM1                 00006800   00000022  00000022  00000000  RWIX
  EPWM2                 00006840   00000022  00000022  00000000  RWIX
  EPWM3                 00006880   00000022  00000022  00000000  RWIX
  EPWM4                 000068c0   00000022  00000022  00000000  RWIX
  EPWM5                 00006900   00000022  00000022  00000000  RWIX
  EPWM6                 00006940   00000022  00000022  00000000  RWIX
  ECAP1                 00006a00   00000020  00000020  00000000  RWIX
  ECAP2                 00006a20   00000020  00000020  00000000  RWIX
  ECAP3                 00006a40   00000020  00000020  00000000  RWIX
  ECAP4                 00006a60   00000020  00000020  00000000  RWIX
  ECAP5                 00006a80   00000020  00000020  00000000  RWIX
  ECAP6                 00006aa0   00000020  00000020  00000000  RWIX
  EQEP1                 00006b00   00000040  00000040  00000000  RWIX
  EQEP2                 00006b40   00000040  00000040  00000000  RWIX
  GPIOCTRL              00006f80   00000040  0000002e  00000012  RWIX
  GPIODAT               00006fc0   00000020  00000020  00000000  RWIX
  GPIOINT               00006fe0   00000020  0000000a  00000016  RWIX
  SYSTEM                00007010   00000020  00000020  00000000  RWIX
  SPIA                  00007040   00000010  00000010  00000000  RWIX
  SCIA                  00007050   00000010  00000010  00000000  RWIX
  XINTRUPT              00007070   00000010  00000010  00000000  RWIX
  ADC                   00007100   00000020  0000001e  00000002  RWIX
  SCIB                  00007750   00000010  00000010  00000000  RWIX
  SCIC                  00007770   00000010  00000010  00000000  RWIX
  I2CA                  00007900   00000040  00000022  0000001e  RWIX
  RAML4                 0000c000   00001000  000003d0  00000c30  RWIX
  RAML5                 0000d000   00001000  00000104  00000efc  RWIX
  RAML6                 0000e000   00001000  00000000  00001000  RWIX
  RAML7                 0000f000   00001000  00000000  00001000  RWIX
  ZONE6                 00100000   00040000  00003ee4  0003c11c  RWIX
  ZONE7B                0020fc00   00000400  00000000  00000400  RWIX
  CSM_PWL               0033fff8   00000008  00000008  00000000  RWIX
  PARTID                00380090   00000001  00000000  00000001  RWIX


SECTION ALLOCATION MAP

 output                                  attributes/
section   page    origin      length       input sections
--------  ----  ----------  ----------   ----------------
codestart 
*          0    00000000    00000002     
                  00000000    00000002     DSP2833x_CodeStartBranch.obj (codestart)

.pinit     0    00008000    00000000     UNINITIALIZED

.cinit     0    00008000    00000050     
                  00008000    0000001c     PID_calculate.obj (.cinit)
                  0000801c    0000001a     DSP2833x_DefaultIsr.obj (.cinit)
                  00008036    0000000a     rts2800_fpu32.lib : _lock.obj (.cinit)
                  00008040    0000000a                       : exit.obj (.cinit)
                  0000804a    00000004     InitMotor.obj (.cinit)
                  0000804e    00000002     --HOLE-- [fill = 0]

ramfuncs   0    00008050    0000001f     
                  00008050    0000001b     DSP2833x_SysCtrl.obj (ramfuncs)
                  0000806b    00000004     DSP2833x_usDelay.obj (ramfuncs)

.text      0    00009000    00001101     
                  00009000    000005e7     DSP2833x_DefaultIsr.obj (.text:retain)
                  000095e7    00000176     Motor.obj (.text)
                  0000975d    0000013c     DSP2833x_ECan.obj (.text)
                  00009899    000000f6     DSP2833x_Xintf.obj (.text)
                  0000998f    000000f3     DSP2833x_SysCtrl.obj (.text)
                  00009a82    000000df     InitTrajectory.obj (.text)
                  00009b61    0000009c     rts2800_fpu32.lib : fd_add.obj (.text)
                  00009bfd    0000008d     PID_calculate.obj (.text)
                  00009c8a    00000088     rts2800_fpu32.lib : fs_div.obj (.text)
                  00009d12    00000083                       : fd_mpy.obj (.text)
                  00009d95    0000007c     DSP2833x_CpuTimers.obj (.text)
                  00009e11    00000061     rts2800_fpu32.lib : cos.obj (.text)
                  00009e72    00000046                       : boot.obj (.text)
                  00009eb8    00000045     DSP2833x_Sci.obj (.text)
                  00009efd    00000042     DSP2833x_Spi.obj (.text)
                  00009f3f    00000032     DSP2833_EPwm.obj (.text)
                  00009f71    00000028     DSP2833x_PieCtrl.obj (.text)
                  00009f99    00000023     rts2800_fpu32.lib : fd_tofs.obj (.text)
                  00009fbc    00000020     DSP2833x_PieVect.obj (.text)
                  00009fdc    0000001f     DSP2833_EQep.obj (.text)
                  00009ffb    0000001c     rts2800_fpu32.lib : fs_tofd.obj (.text)
                  0000a017    0000001c                       : l_tofd.obj (.text)
                  0000a033    0000001a     InitMotor.obj (.text)
                  0000a04d    0000001a     rts2800_fpu32.lib : modf.obj (.text)
                  0000a067    00000019                       : args_main.obj (.text)
                  0000a080    00000019                       : exit.obj (.text)
                  0000a099    00000017                       : u_tofd.obj (.text)
                  0000a0b0    00000014     DSP2833x_Adc.obj (.text)
                  0000a0c4    00000013     DSP2833x_DefaultIsr.obj (.text)
                  0000a0d7    0000000e     rts2800_fpu32.lib : fd_sub.obj (.text)
                  0000a0e5    0000000b                       : u_div.obj (.text)
                  0000a0f0    00000009                       : _lock.obj (.text)
                  0000a0f9    00000008     DSP2833x_CodeStartBranch.obj (.text)

csm_rsvd   0    0033ff80    00000000     DSECT

csmpasswds 
*          0    0033fff8    00000000     DSECT

.adc_cal   0    00380080    00000007     NOLOAD SECTION
                  00380080    00000007     DSP2833x_ADC_cal.obj (.adc_cal)

.reset     0    003fffc0    00000002     DSECT
                  003fffc0    00000002     rts2800_fpu32.lib : boot.obj (.reset)

.stack     1    00000400    00000300     UNINITIALIZED
                  00000400    00000300     --HOLE--

DevEmuRegsFile 
*          1    00000880    000000d0     UNINITIALIZED
                  00000880    000000d0     DSP2833x_GlobalVariableDefs.obj (DevEmuRegsFile)

FlashRegsFile 
*          1    00000a80    00000008     UNINITIALIZED
                  00000a80    00000008     DSP2833x_GlobalVariableDefs.obj (FlashRegsFile)

CsmRegsFile 
*          1    00000ae0    00000010     UNINITIALIZED
                  00000ae0    00000010     DSP2833x_GlobalVariableDefs.obj (CsmRegsFile)

AdcMirrorFile 
*          1    00000b00    00000010     UNINITIALIZED
                  00000b00    00000010     DSP2833x_GlobalVariableDefs.obj (AdcMirrorFile)

XintfRegsFile 
*          1    00000b20    0000001e     UNINITIALIZED
                  00000b20    0000001e     DSP2833x_GlobalVariableDefs.obj (XintfRegsFile)

CpuTimer0RegsFile 
*          1    00000c00    00000008     UNINITIALIZED
                  00000c00    00000008     DSP2833x_GlobalVariableDefs.obj (CpuTimer0RegsFile)

CpuTimer1RegsFile 
*          1    00000c08    00000008     UNINITIALIZED
                  00000c08    00000008     DSP2833x_GlobalVariableDefs.obj (CpuTimer1RegsFile)

CpuTimer2RegsFile 
*          1    00000c10    00000008     UNINITIALIZED
                  00000c10    00000008     DSP2833x_GlobalVariableDefs.obj (CpuTimer2RegsFile)

PieCtrlRegsFile 
*          1    00000ce0    0000001a     UNINITIALIZED
                  00000ce0    0000001a     DSP2833x_GlobalVariableDefs.obj (PieCtrlRegsFile)

PieVectTableFile 
*          1    00000d00    00000100     UNINITIALIZED
                  00000d00    00000100     DSP2833x_GlobalVariableDefs.obj (PieVectTableFile)

DmaRegsFile 
*          1    00001000    000000e0     UNINITIALIZED
                  00001000    000000e0     DSP2833x_GlobalVariableDefs.obj (DmaRegsFile)

McbspaRegsFile 
*          1    00005000    00000025     UNINITIALIZED
                  00005000    00000025     DSP2833x_GlobalVariableDefs.obj (McbspaRegsFile)

McbspbRegsFile 
*          1    00005040    00000025     UNINITIALIZED
                  00005040    00000025     DSP2833x_GlobalVariableDefs.obj (McbspbRegsFile)

ECanaRegsFile 
*          1    00006000    00000034     UNINITIALIZED
                  00006000    00000034     DSP2833x_GlobalVariableDefs.obj (ECanaRegsFile)

ECanaLAMRegsFile 
*          1    00006040    00000040     UNINITIALIZED
                  00006040    00000040     DSP2833x_GlobalVariableDefs.obj (ECanaLAMRegsFile)

ECanaMOTSRegsFile 
*          1    00006080    00000040     UNINITIALIZED
                  00006080    00000040     DSP2833x_GlobalVariableDefs.obj (ECanaMOTSRegsFile)

ECanaMOTORegsFile 
*          1    000060c0    00000040     UNINITIALIZED
                  000060c0    00000040     DSP2833x_GlobalVariableDefs.obj (ECanaMOTORegsFile)

ECanaMboxesFile 
*          1    00006100    00000100     UNINITIALIZED
                  00006100    00000100     DSP2833x_GlobalVariableDefs.obj (ECanaMboxesFile)

ECanbRegsFile 
*          1    00006200    00000034     UNINITIALIZED
                  00006200    00000034     DSP2833x_GlobalVariableDefs.obj (ECanbRegsFile)

ECanbLAMRegsFile 
*          1    00006240    00000040     UNINITIALIZED
                  00006240    00000040     DSP2833x_GlobalVariableDefs.obj (ECanbLAMRegsFile)

ECanbMOTSRegsFile 
*          1    00006280    00000040     UNINITIALIZED
                  00006280    00000040     DSP2833x_GlobalVariableDefs.obj (ECanbMOTSRegsFile)

ECanbMOTORegsFile 
*          1    000062c0    00000040     UNINITIALIZED
                  000062c0    00000040     DSP2833x_GlobalVariableDefs.obj (ECanbMOTORegsFile)

ECanbMboxesFile 
*          1    00006300    00000100     UNINITIALIZED
                  00006300    00000100     DSP2833x_GlobalVariableDefs.obj (ECanbMboxesFile)

EPwm1RegsFile 
*          1    00006800    00000022     UNINITIALIZED
                  00006800    00000022     DSP2833x_GlobalVariableDefs.obj (EPwm1RegsFile)

EPwm2RegsFile 
*          1    00006840    00000022     UNINITIALIZED
                  00006840    00000022     DSP2833x_GlobalVariableDefs.obj (EPwm2RegsFile)

EPwm3RegsFile 
*          1    00006880    00000022     UNINITIALIZED
                  00006880    00000022     DSP2833x_GlobalVariableDefs.obj (EPwm3RegsFile)

EPwm4RegsFile 
*          1    000068c0    00000022     UNINITIALIZED
                  000068c0    00000022     DSP2833x_GlobalVariableDefs.obj (EPwm4RegsFile)

EPwm5RegsFile 
*          1    00006900    00000022     UNINITIALIZED
                  00006900    00000022     DSP2833x_GlobalVariableDefs.obj (EPwm5RegsFile)

EPwm6RegsFile 
*          1    00006940    00000022     UNINITIALIZED
                  00006940    00000022     DSP2833x_GlobalVariableDefs.obj (EPwm6RegsFile)

ECap1RegsFile 
*          1    00006a00    00000020     UNINITIALIZED
                  00006a00    00000020     DSP2833x_GlobalVariableDefs.obj (ECap1RegsFile)

ECap2RegsFile 
*          1    00006a20    00000020     UNINITIALIZED
                  00006a20    00000020     DSP2833x_GlobalVariableDefs.obj (ECap2RegsFile)

ECap3RegsFile 
*          1    00006a40    00000020     UNINITIALIZED
                  00006a40    00000020     DSP2833x_GlobalVariableDefs.obj (ECap3RegsFile)

ECap4RegsFile 
*          1    00006a60    00000020     UNINITIALIZED
                  00006a60    00000020     DSP2833x_GlobalVariableDefs.obj (ECap4RegsFile)

ECap5RegsFile 
*          1    00006a80    00000020     UNINITIALIZED
                  00006a80    00000020     DSP2833x_GlobalVariableDefs.obj (ECap5RegsFile)

ECap6RegsFile 
*          1    00006aa0    00000020     UNINITIALIZED
                  00006aa0    00000020     DSP2833x_GlobalVariableDefs.obj (ECap6RegsFile)

EQep1RegsFile 
*          1    00006b00    00000040     UNINITIALIZED
                  00006b00    00000040     DSP2833x_GlobalVariableDefs.obj (EQep1RegsFile)

EQep2RegsFile 
*          1    00006b40    00000040     UNINITIALIZED
                  00006b40    00000040     DSP2833x_GlobalVariableDefs.obj (EQep2RegsFile)

GpioCtrlRegsFile 
*          1    00006f80    0000002e     UNINITIALIZED
                  00006f80    0000002e     DSP2833x_GlobalVariableDefs.obj (GpioCtrlRegsFile)

GpioDataRegsFile 
*          1    00006fc0    00000020     UNINITIALIZED
                  00006fc0    00000020     DSP2833x_GlobalVariableDefs.obj (GpioDataRegsFile)

GpioIntRegsFile 
*          1    00006fe0    0000000a     UNINITIALIZED
                  00006fe0    0000000a     DSP2833x_GlobalVariableDefs.obj (GpioIntRegsFile)

SysCtrlRegsFile 
*          1    00007010    00000020     UNINITIALIZED
                  00007010    00000020     DSP2833x_GlobalVariableDefs.obj (SysCtrlRegsFile)

SpiaRegsFile 
*          1    00007040    00000010     UNINITIALIZED
                  00007040    00000010     DSP2833x_GlobalVariableDefs.obj (SpiaRegsFile)

SciaRegsFile 
*          1    00007050    00000010     UNINITIALIZED
                  00007050    00000010     DSP2833x_GlobalVariableDefs.obj (SciaRegsFile)

XIntruptRegsFile 
*          1    00007070    00000010     UNINITIALIZED
                  00007070    00000010     DSP2833x_GlobalVariableDefs.obj (XIntruptRegsFile)

AdcRegsFile 
*          1    00007100    0000001e     UNINITIALIZED
                  00007100    0000001e     DSP2833x_GlobalVariableDefs.obj (AdcRegsFile)

ScibRegsFile 
*          1    00007750    00000010     UNINITIALIZED
                  00007750    00000010     DSP2833x_GlobalVariableDefs.obj (ScibRegsFile)

ScicRegsFile 
*          1    00007770    00000010     UNINITIALIZED
                  00007770    00000010     DSP2833x_GlobalVariableDefs.obj (ScicRegsFile)

I2caRegsFile 
*          1    00007900    00000022     UNINITIALIZED
                  00007900    00000022     DSP2833x_GlobalVariableDefs.obj (I2caRegsFile)

.ebss      1    0000c000    000003d0     UNINITIALIZED
                  0000c000    00000364     PID_calculate.obj (.ebss)
                  0000c364    00000018     DSP2833x_CpuTimers.obj (.ebss)
                  0000c37c    00000004     rts2800_fpu32.lib : _lock.obj (.ebss)
                  0000c380    00000040     InitMotor.obj (.ebss)
                  0000c3c0    0000000a     DSP2833x_DefaultIsr.obj (.ebss)
                  0000c3ca    00000004     rts2800_fpu32.lib : exit.obj (.ebss)
                  0000c3ce    00000002     Motor.obj (.ebss)

.econst    1    0000d000    00000104     
                  0000d000    00000100     DSP2833x_PieVect.obj (.econst)
                  0000d100    00000004     InitTrajectory.obj (.econst)

ZONE6DATA 
*          1    00100000    00003ee4     UNINITIALIZED
                  00100000    00003ee4     InitTrajectory.obj (ZONE6DATA)

CsmPwlFile 
*          1    0033fff8    00000008     UNINITIALIZED
                  0033fff8    00000008     DSP2833x_GlobalVariableDefs.obj (CsmPwlFile)


GLOBAL DATA SYMBOLS: SORTED BY DATA PAGE

address     data page           name
--------    ----------------    ----
00000400      10 (00000400)     __stack

00000880      22 (00000880)     _DevEmuRegs

00000a80      2a (00000a80)     _FlashRegs

00000ae0      2b (00000ac0)     _CsmRegs

00000b00      2c (00000b00)     _AdcMirror
00000b20      2c (00000b00)     _XintfRegs

00000c00      30 (00000c00)     _CpuTimer0Regs
00000c08      30 (00000c00)     _CpuTimer1Regs
00000c10      30 (00000c00)     _CpuTimer2Regs

00000ce0      33 (00000cc0)     _PieCtrlRegs

00000d00      34 (00000d00)     _PieVectTable

00001000      40 (00001000)     _DmaRegs

00005000     140 (00005000)     _McbspaRegs

00005040     141 (00005040)     _McbspbRegs

00006000     180 (00006000)     _ECanaRegs

00006040     181 (00006040)     _ECanaLAMRegs

00006080     182 (00006080)     _ECanaMOTSRegs

000060c0     183 (000060c0)     _ECanaMOTORegs

00006100     184 (00006100)     _ECanaMboxes

00006200     188 (00006200)     _ECanbRegs

00006240     189 (00006240)     _ECanbLAMRegs

00006280     18a (00006280)     _ECanbMOTSRegs

000062c0     18b (000062c0)     _ECanbMOTORegs

00006300     18c (00006300)     _ECanbMboxes

00006800     1a0 (00006800)     _EPwm1Regs

00006840     1a1 (00006840)     _EPwm2Regs

00006880     1a2 (00006880)     _EPwm3Regs

000068c0     1a3 (000068c0)     _EPwm4Regs

00006900     1a4 (00006900)     _EPwm5Regs

00006940     1a5 (00006940)     _EPwm6Regs

00006a00     1a8 (00006a00)     _ECap1Regs
00006a20     1a8 (00006a00)     _ECap2Regs

00006a40     1a9 (00006a40)     _ECap3Regs
00006a60     1a9 (00006a40)     _ECap4Regs

00006a80     1aa (00006a80)     _ECap5Regs
00006aa0     1aa (00006a80)     _ECap6Regs

00006b00     1ac (00006b00)     _EQep1Regs

00006b40     1ad (00006b40)     _EQep2Regs

00006f80     1be (00006f80)     _GpioCtrlRegs

00006fc0     1bf (00006fc0)     _GpioDataRegs
00006fe0     1bf (00006fc0)     _GpioIntRegs

00007010     1c0 (00007000)     _SysCtrlRegs

00007040     1c1 (00007040)     _SpiaRegs
00007050     1c1 (00007040)     _SciaRegs
00007070     1c1 (00007040)     _XIntruptRegs

00007100     1c4 (00007100)     _AdcRegs

00007750     1dd (00007740)     _ScibRegs
00007770     1dd (00007740)     _ScicRegs

00007900     1e4 (00007900)     _I2caRegs

0000c000     300 (0000c000)     _vel
0000c001     300 (0000c000)     _err_count
0000c002     300 (0000c000)     _ie
0000c004     300 (0000c000)     _e_sum
0000c006     300 (0000c000)     _Ts
0000c008     300 (0000c000)     _de
0000c00a     300 (0000c000)     _m_kd
0000c00c     300 (0000c000)     _ec
0000c00e     300 (0000c000)     _last_e
0000c010     300 (0000c000)     _e

0000c040     301 (0000c040)     _Error

0000c364     30d (0000c340)     _CpuTimer1
0000c36c     30d (0000c340)     _CpuTimer2
0000c374     30d (0000c340)     _CpuTimer0
0000c37c     30d (0000c340)     __unlock
0000c37e     30d (0000c340)     __lock

0000c380     30e (0000c380)     _Master_rx
0000c390     30e (0000c380)     _Motor_err
0000c3a0     30e (0000c380)     _Master_tx

0000c3c0     30f (0000c3c0)     _vel1
0000c3c1     30f (0000c3c0)     _Can_cmd
0000c3c2     30f (0000c3c0)     _point
0000c3c3     30f (0000c3c0)     _adjust
0000c3c4     30f (0000c3c0)     _spi_err
0000c3c5     30f (0000c3c0)     _Init_pos
0000c3c6     30f (0000c3c0)     _m_ki
0000c3c8     30f (0000c3c0)     _m_kp
0000c3ca     30f (0000c3c0)     ___TI_cleanup_ptr
0000c3cc     30f (0000c3c0)     ___TI_dtors_ptr
0000c3ce     30f (0000c3c0)     _Axis_1
0000c3cf     30f (0000c3c0)     _Axis_2

0000d000     340 (0000d000)     _PieVectTableInit

00100000    4000 (00100000)     _Actual0

00100fc0    403f (00100fc0)     _act_v

00101f80    407e (00101f80)     _Target1

00102f40    40bd (00102f40)     _Target2

0033fff8    cfff (0033ffc0)     _CsmPwl


GLOBAL SYMBOLS: SORTED ALPHABETICALLY BY Name 

address    name
--------   ----
00009000   .text
0000a080   C$$EXIT
00009b61   FD$$ADD
00009d12   FD$$MPY
0000a0d7   FD$$SUB
00009f99   FD$$TOFS
00009c8a   FS$$DIV
00009ffb   FS$$TOFD
0000a017   L$$TOFD
0000a0e5   U$$DIV
0000a0ea   U$$MOD
0000a099   U$$TOFD
000090e9   _ADCINT_ISR
00380080   _ADC_cal
00100000   _Actual0
00000b00   _AdcMirror
00007100   _AdcRegs
0000c3ce   _Axis_1
0000c3cf   _Axis_2
0000c3c1   _Can_cmd
00009dd6   _ConfigCpuTimer
0000c374   _CpuTimer0
00000c00   _CpuTimer0Regs
0000c364   _CpuTimer1
00000c08   _CpuTimer1Regs
0000c36c   _CpuTimer2
00000c10   _CpuTimer2Regs
0033fff8   _CsmPwl
00000ae0   _CsmRegs
00009a51   _CsmUnlock
00009014   _DATALOG_ISR
00009458   _DINTCH1_ISR
00009462   _DINTCH2_ISR
0000946c   _DINTCH3_ISR
00009476   _DINTCH4_ISR
00009480   _DINTCH5_ISR
0000948a   _DINTCH6_ISR
0000806b   _DSP28x_usDelay
00000880   _DevEmuRegs
000099a2   _DisableDog
00001000   _DmaRegs
000094e4   _ECAN0INTA_ISR
000094f8   _ECAN0INTB_ISR
000094ee   _ECAN1INTA_ISR
00009576   _ECAN1INTB_ISR
000093cc   _ECAP1_INT_ISR
000093d6   _ECAP2_INT_ISR
000093e0   _ECAP3_INT_ISR
000093ea   _ECAP4_INT_ISR
000093f4   _ECAP5_INT_ISR
000093fe   _ECAP6_INT_ISR
00009722   _ECan_Init
00006040   _ECanaLAMRegs
000060c0   _ECanaMOTORegs
00006080   _ECanaMOTSRegs
00006100   _ECanaMboxes
00006000   _ECanaRegs
00006240   _ECanbLAMRegs
000062c0   _ECanbMOTORegs
00006280   _ECanbMOTSRegs
00006300   _ECanbMboxes
00006200   _ECanbRegs
00006a00   _ECap1Regs
00006a20   _ECap2Regs
00006a40   _ECap3Regs
00006a60   _ECap4Regs
00006a80   _ECap5Regs
00006aa0   _ECap6Regs
000095c6   _EMPTY_ISR
00009028   _EMUINT_ISR
00009390   _EPWM1_INT_ISR
00009354   _EPWM1_TZINT_ISR
0000939a   _EPWM2_INT_ISR
0000935e   _EPWM2_TZINT_ISR
000093a4   _EPWM3_INT_ISR
00009368   _EPWM3_TZINT_ISR
000093ae   _EPWM4_INT_ISR
00009372   _EPWM4_TZINT_ISR
000093b8   _EPWM5_INT_ISR
0000937c   _EPWM5_TZINT_ISR
000093c2   _EPWM6_INT_ISR
00009386   _EPWM6_TZINT_ISR
00006800   _EPwm1Regs
00006840   _EPwm2Regs
00006880   _EPwm3Regs
000068c0   _EPwm4Regs
00006900   _EPwm5Regs
00006940   _EPwm6Regs
00009408   _EQEP1_INT_ISR
00009412   _EQEP2_INT_ISR
00006b00   _EQep1Regs
00006b40   _EQep2Regs
00009f90   _EnableInterrupts
0000c040   _Error
00000a80   _FlashRegs
000096b1   _Get_Motor_pos
00006f80   _GpioCtrlRegs
00006fc0   _GpioDataRegs
00006fe0   _GpioIntRegs
00009494   _I2CINT1A_ISR
0000949e   _I2CINT2A_ISR
00007900   _I2caRegs
0000903c   _ILLEGAL_ISR
00009000   _INT13_ISR
0000900a   _INT14_ISR
0000a0b0   _InitAdc
00009643   _InitChipGpio
00009d95   _InitCpuTimers
0000975d   _InitECan
0000986e   _InitECanGpio
00009762   _InitECana
00009873   _InitECanaGpio
000097e3   _InitECanb
00009883   _InitECanbGpio
00009f3f   _InitEPwm
00009f65   _InitEPwmGpio
00009fdc   _InitEQep
00009fee   _InitEQepGpio
00008050   _InitFlash
00009639   _InitGpio
0000a033   _InitMotor_tx
000099f6   _InitPeripheralClocks
00009f71   _InitPieCtrl
00009fbc   _InitPieVectTable
000099aa   _InitPll
00009eb8   _InitSci
00009eb9   _InitSciGpio
00009ebc   _InitSciaGpio
00009ed1   _InitScibGpio
00009ee7   _InitScicGpio
00009efd   _InitSpi
00009f16   _InitSpiGpio
00009f19   _InitSpiaGpio
0000998f   _InitSysCtrl
00009899   _InitXintf
00009935   _InitXintf16Gpio
000098ee   _InitXintf32Gpio
00009a82   _Init_Traj
0000c3c5   _Init_pos
000095bc   _LUF_ISR
000095b2   _LVF_ISR
00009444   _MRINTA_ISR
00009430   _MRINTB_ISR
0000944e   _MXINTA_ISR
0000943a   _MXINTB_ISR
0000c380   _Master_rx
0000c3a0   _Master_tx
00005000   _McbspaRegs
00005040   _McbspbRegs
0000965d   _Motor1_T
0000967f   _Motor2_T
0000969e   _Motor_R
0000c390   _Motor_err
00009032   _NMI_ISR
00009bfd   _PID_control
000095d3   _PIE_RESERVED
00000ce0   _PieCtrlRegs
00000d00   _PieVectTable
0000d000   _PieVectTableInit
0000901e   _RTOSINT_ISR
000094bc   _SCIRXINTA_ISR
000094d0   _SCIRXINTB_ISR
000094a8   _SCIRXINTC_ISR
000094c6   _SCITXINTA_ISR
000094da   _SCITXINTB_ISR
000094b2   _SCITXINTC_ISR
000090be   _SEQ1INT_ISR
000090cb   _SEQ2INT_ISR
0000941c   _SPIRXINTA_ISR
00009426   _SPITXINTA_ISR
00007050   _SciaRegs
00007750   _ScibRegs
00007770   _ScicRegs
00009998   _ServiceDog
00007040   _SpiaRegs
00007010   _SysCtrlRegs
000090f3   _TINT0_ISR
00101f80   _Target1
00102f40   _Target2
0000c006   _Ts
000090a0   _USER10_ISR
000090aa   _USER11_ISR
000090b4   _USER12_ISR
00009046   _USER1_ISR
00009050   _USER2_ISR
0000905a   _USER3_ISR
00009064   _USER4_ISR
0000906e   _USER5_ISR
00009078   _USER6_ISR
00009082   _USER7_ISR
0000908c   _USER8_ISR
00009096   _USER9_ISR
0000934a   _WAKEINT_ISR
000090d5   _XINT1_ISR
000090df   _XINT2_ISR
00009580   _XINT3_ISR
0000958a   _XINT4_ISR
00009594   _XINT5_ISR
0000959e   _XINT6_ISR
000095a8   _XINT7_ISR
00007070   _XIntruptRegs
00000b20   _XintfRegs
00000700   __STACK_END
00000300   __STACK_SIZE
00000001   __TI_args_main
0000c3ca   ___TI_cleanup_ptr
0000c3cc   ___TI_dtors_ptr
ffffffff   ___binit__
ffffffff   ___c_args__
00008000   ___cinit__
0000a101   ___etext__
ffffffff   ___pinit__
00009000   ___text__
0000a067   __args_main
0000c37e   __lock
0000a0f8   __nop
0000a0f4   __register_lock
0000a0f0   __register_unlock
00000400   __stack
0000c37c   __unlock
0000a080   _abort
00100fc0   _act_v
0000c3c3   _adjust
00009e72   _c_int00
00009e11   _cos
0000c008   _de
00009746   _delay
00009751   _delay_m
0000c010   _e
0000c004   _e_sum
0000c00c   _ec
0000c001   _err_count
0000975c   _error
0000a082   _exit
0000c002   _ie
0000c00e   _last_e
0000c00a   _m_kd
0000c3c6   _m_ki
0000c3c8   _m_kp
000095e7   _main
0000a04d   _modf
0000c3c2   _point
000095dd   _rsvd_ISR
0000c3c4   _spi_err
0000c000   _vel
0000c3c0   _vel1
ffffffff   binit
00008000   cinit
00000000   code_start
0000a101   etext
ffffffff   pinit


GLOBAL SYMBOLS: SORTED BY Symbol Address 

address    name
--------   ----
00000000   code_start
00000001   __TI_args_main
00000300   __STACK_SIZE
00000400   __stack
00000700   __STACK_END
00000880   _DevEmuRegs
00000a80   _FlashRegs
00000ae0   _CsmRegs
00000b00   _AdcMirror
00000b20   _XintfRegs
00000c00   _CpuTimer0Regs
00000c08   _CpuTimer1Regs
00000c10   _CpuTimer2Regs
00000ce0   _PieCtrlRegs
00000d00   _PieVectTable
00001000   _DmaRegs
00005000   _McbspaRegs
00005040   _McbspbRegs
00006000   _ECanaRegs
00006040   _ECanaLAMRegs
00006080   _ECanaMOTSRegs
000060c0   _ECanaMOTORegs
00006100   _ECanaMboxes
00006200   _ECanbRegs
00006240   _ECanbLAMRegs
00006280   _ECanbMOTSRegs
000062c0   _ECanbMOTORegs
00006300   _ECanbMboxes
00006800   _EPwm1Regs
00006840   _EPwm2Regs
00006880   _EPwm3Regs
000068c0   _EPwm4Regs
00006900   _EPwm5Regs
00006940   _EPwm6Regs
00006a00   _ECap1Regs
00006a20   _ECap2Regs
00006a40   _ECap3Regs
00006a60   _ECap4Regs
00006a80   _ECap5Regs
00006aa0   _ECap6Regs
00006b00   _EQep1Regs
00006b40   _EQep2Regs
00006f80   _GpioCtrlRegs
00006fc0   _GpioDataRegs
00006fe0   _GpioIntRegs
00007010   _SysCtrlRegs
00007040   _SpiaRegs
00007050   _SciaRegs
00007070   _XIntruptRegs
00007100   _AdcRegs
00007750   _ScibRegs
00007770   _ScicRegs
00007900   _I2caRegs
00008000   ___cinit__
00008000   cinit
00008050   _InitFlash
0000806b   _DSP28x_usDelay
00009000   .text
00009000   _INT13_ISR
00009000   ___text__
0000900a   _INT14_ISR
00009014   _DATALOG_ISR
0000901e   _RTOSINT_ISR
00009028   _EMUINT_ISR
00009032   _NMI_ISR
0000903c   _ILLEGAL_ISR
00009046   _USER1_ISR
00009050   _USER2_ISR
0000905a   _USER3_ISR
00009064   _USER4_ISR
0000906e   _USER5_ISR
00009078   _USER6_ISR
00009082   _USER7_ISR
0000908c   _USER8_ISR
00009096   _USER9_ISR
000090a0   _USER10_ISR
000090aa   _USER11_ISR
000090b4   _USER12_ISR
000090be   _SEQ1INT_ISR
000090cb   _SEQ2INT_ISR
000090d5   _XINT1_ISR
000090df   _XINT2_ISR
000090e9   _ADCINT_ISR
000090f3   _TINT0_ISR
0000934a   _WAKEINT_ISR
00009354   _EPWM1_TZINT_ISR
0000935e   _EPWM2_TZINT_ISR
00009368   _EPWM3_TZINT_ISR
00009372   _EPWM4_TZINT_ISR
0000937c   _EPWM5_TZINT_ISR
00009386   _EPWM6_TZINT_ISR
00009390   _EPWM1_INT_ISR
0000939a   _EPWM2_INT_ISR
000093a4   _EPWM3_INT_ISR
000093ae   _EPWM4_INT_ISR
000093b8   _EPWM5_INT_ISR
000093c2   _EPWM6_INT_ISR
000093cc   _ECAP1_INT_ISR
000093d6   _ECAP2_INT_ISR
000093e0   _ECAP3_INT_ISR
000093ea   _ECAP4_INT_ISR
000093f4   _ECAP5_INT_ISR
000093fe   _ECAP6_INT_ISR
00009408   _EQEP1_INT_ISR
00009412   _EQEP2_INT_ISR
0000941c   _SPIRXINTA_ISR
00009426   _SPITXINTA_ISR
00009430   _MRINTB_ISR
0000943a   _MXINTB_ISR
00009444   _MRINTA_ISR
0000944e   _MXINTA_ISR
00009458   _DINTCH1_ISR
00009462   _DINTCH2_ISR
0000946c   _DINTCH3_ISR
00009476   _DINTCH4_ISR
00009480   _DINTCH5_ISR
0000948a   _DINTCH6_ISR
00009494   _I2CINT1A_ISR
0000949e   _I2CINT2A_ISR
000094a8   _SCIRXINTC_ISR
000094b2   _SCITXINTC_ISR
000094bc   _SCIRXINTA_ISR
000094c6   _SCITXINTA_ISR
000094d0   _SCIRXINTB_ISR
000094da   _SCITXINTB_ISR
000094e4   _ECAN0INTA_ISR
000094ee   _ECAN1INTA_ISR
000094f8   _ECAN0INTB_ISR
00009576   _ECAN1INTB_ISR
00009580   _XINT3_ISR
0000958a   _XINT4_ISR
00009594   _XINT5_ISR
0000959e   _XINT6_ISR
000095a8   _XINT7_ISR
000095b2   _LVF_ISR
000095bc   _LUF_ISR
000095c6   _EMPTY_ISR
000095d3   _PIE_RESERVED
000095dd   _rsvd_ISR
000095e7   _main
00009639   _InitGpio
00009643   _InitChipGpio
0000965d   _Motor1_T
0000967f   _Motor2_T
0000969e   _Motor_R
000096b1   _Get_Motor_pos
00009722   _ECan_Init
00009746   _delay
00009751   _delay_m
0000975c   _error
0000975d   _InitECan
00009762   _InitECana
000097e3   _InitECanb
0000986e   _InitECanGpio
00009873   _InitECanaGpio
00009883   _InitECanbGpio
00009899   _InitXintf
000098ee   _InitXintf32Gpio
00009935   _InitXintf16Gpio
0000998f   _InitSysCtrl
00009998   _ServiceDog
000099a2   _DisableDog
000099aa   _InitPll
000099f6   _InitPeripheralClocks
00009a51   _CsmUnlock
00009a82   _Init_Traj
00009b61   FD$$ADD
00009bfd   _PID_control
00009c8a   FS$$DIV
00009d12   FD$$MPY
00009d95   _InitCpuTimers
00009dd6   _ConfigCpuTimer
00009e11   _cos
00009e72   _c_int00
00009eb8   _InitSci
00009eb9   _InitSciGpio
00009ebc   _InitSciaGpio
00009ed1   _InitScibGpio
00009ee7   _InitScicGpio
00009efd   _InitSpi
00009f16   _InitSpiGpio
00009f19   _InitSpiaGpio
00009f3f   _InitEPwm
00009f65   _InitEPwmGpio
00009f71   _InitPieCtrl
00009f90   _EnableInterrupts
00009f99   FD$$TOFS
00009fbc   _InitPieVectTable
00009fdc   _InitEQep
00009fee   _InitEQepGpio
00009ffb   FS$$TOFD
0000a017   L$$TOFD
0000a033   _InitMotor_tx
0000a04d   _modf
0000a067   __args_main
0000a080   C$$EXIT
0000a080   _abort
0000a082   _exit
0000a099   U$$TOFD
0000a0b0   _InitAdc
0000a0d7   FD$$SUB
0000a0e5   U$$DIV
0000a0ea   U$$MOD
0000a0f0   __register_unlock
0000a0f4   __register_lock
0000a0f8   __nop
0000a101   ___etext__
0000a101   etext
0000c000   _vel
0000c001   _err_count
0000c002   _ie
0000c004   _e_sum
0000c006   _Ts
0000c008   _de
0000c00a   _m_kd
0000c00c   _ec
0000c00e   _last_e
0000c010   _e
0000c040   _Error
0000c364   _CpuTimer1
0000c36c   _CpuTimer2
0000c374   _CpuTimer0
0000c37c   __unlock
0000c37e   __lock
0000c380   _Master_rx
0000c390   _Motor_err
0000c3a0   _Master_tx
0000c3c0   _vel1
0000c3c1   _Can_cmd
0000c3c2   _point
0000c3c3   _adjust
0000c3c4   _spi_err
0000c3c5   _Init_pos
0000c3c6   _m_ki
0000c3c8   _m_kp
0000c3ca   ___TI_cleanup_ptr
0000c3cc   ___TI_dtors_ptr
0000c3ce   _Axis_1
0000c3cf   _Axis_2
0000d000   _PieVectTableInit
00100000   _Actual0
00100fc0   _act_v
00101f80   _Target1
00102f40   _Target2
0033fff8   _CsmPwl
00380080   _ADC_cal
ffffffff   ___binit__
ffffffff   ___c_args__
ffffffff   ___pinit__
ffffffff   binit
ffffffff   pinit

[251 symbols]
